#
# There is insufficient memory for the Java Runtime Environment to continue.
# Native memory allocation (malloc) failed to allocate 32744 bytes. Error detail: Chunk::new
# Possible reasons:
#   The system is out of physical RAM or swap space
#   This process is running with CompressedOops enabled, and the Java Heap may be blocking the growth of the native heap
# Possible solutions:
#   Reduce memory load on the system
#   Increase physical memory or swap space
#   Check if swap backing store is full
#   Decrease Java heap size (-Xmx/-Xms)
#   Decrease number of Java threads
#   Decrease Java thread stack sizes (-Xss)
#   Set larger code cache with -XX:ReservedCodeCacheSize=
#   JVM is running with Unscaled Compressed Oops mode in which the Java heap is
#     placed in the first 4GB address space. The Java Heap base address is the
#     maximum limit for the native heap growth. Please use -XX:HeapBaseMinAddress
#     to set the Java Heap base and to place the Java Heap above 4GB virtual address.
# This output file may be truncated or incomplete.
#
#  Out of Memory Error (arena.cpp:168), pid=8300, tid=3336
#
# JRE version: OpenJDK Runtime Environment Temurin-21.0.10+7 (21.0.10+7) (build 21.0.10+7-LTS)
# Java VM: OpenJDK 64-Bit Server VM Temurin-21.0.10+7 (21.0.10+7-LTS, mixed mode, sharing, tiered, compressed oops, compressed class ptrs, parallel gc, windows-amd64)
# No core dump will be written. Minidumps are not enabled by default on client versions of Windows
#

---------------  S U M M A R Y ------------

Command Line: --add-modules=ALL-SYSTEM --add-opens=java.base/java.util=ALL-UNNAMED --add-opens=java.base/java.lang=ALL-UNNAMED --add-opens=java.base/sun.nio.fs=ALL-UNNAMED -Declipse.application=org.eclipse.jdt.ls.core.id1 -Dosgi.bundles.defaultStartLevel=4 -Declipse.product=org.eclipse.jdt.ls.core.product -Djava.import.generatesMetadataFilesAtProjectRoot=false -DDetectVMInstallationsJob.disabled=true -Dfile.encoding=utf8 -XX:+UseParallelGC -XX:GCTimeRatio=4 -XX:AdaptiveSizePolicyWeight=90 -Dsun.zip.disableMemoryMapping=true -Xmx2G -Xms100m -Xlog:disable -javaagent:c:\Users\Hp\.antigravity\extensions\redhat.java-1.54.0-win32-x64\lombok\lombok-1.18.39-4050.jar -XX:+HeapDumpOnOutOfMemoryError -XX:HeapDumpPath=c:\Users\Hp\AppData\Roaming\Antigravity\User\workspaceStorage\756a811f4bf5c602889ab1f02bad5bb1\redhat.java -Daether.dependencyCollector.impl=bf c:\Users\Hp\.antigravity\extensions\redhat.java-1.54.0-win32-x64\server\plugins\org.eclipse.equinox.launcher_1.7.100.v20251111-0406.jar -configuration c:\Users\Hp\AppData\Roaming\Antigravity\User\globalStorage\redhat.java\1.54.0\config_win -data c:\Users\Hp\AppData\Roaming\Antigravity\User\workspaceStorage\756a811f4bf5c602889ab1f02bad5bb1\redhat.java\jdt_ws --pipe=\\.\pipe\lsp-a587469820f87a9aceae08b1791eeb05-sock

Host: 11th Gen Intel(R) Core(TM) i5-1155G7 @ 2.50GHz, 8 cores, 7G,  Windows 11 , 64 bit Build 26100 (10.0.26100.8521)
Time: Wed Jul  8 18:37:55 2026 India Standard Time elapsed time: 761.317162 seconds (0d 0h 12m 41s)

---------------  T H R E A D  ---------------

Current thread (0x000002a014443970):  JavaThread "C2 CompilerThread1" daemon [_thread_in_native, id=3336, stack(0x000000f99db00000,0x000000f99dc00000) (1024K)]


Current CompileTask:
C2:761317 15434       4       org.eclipse.jdt.internal.compiler.lookup.BinaryTypeBinding::createTypeVariables (359 bytes)

Stack: [0x000000f99db00000,0x000000f99dc00000]
Native frames: (J=compiled Java code, j=interpreted, Vv=VM code, C=native code)
V  [jvm.dll+0x6d7a39]
V  [jvm.dll+0x8b4b26]
V  [jvm.dll+0x8b70de]
V  [jvm.dll+0x8b77c3]
V  [jvm.dll+0x284346]
V  [jvm.dll+0xc66ed]
V  [jvm.dll+0xc6c31]
V  [jvm.dll+0x3c46ad]
V  [jvm.dll+0x3c3cc1]
V  [jvm.dll+0x3c3d04]
V  [jvm.dll+0x5dedd6]
V  [jvm.dll+0x5df4fc]
V  [jvm.dll+0x38b191]
V  [jvm.dll+0x38a5aa]
V  [jvm.dll+0x24c560]
V  [jvm.dll+0x24bb40]
V  [jvm.dll+0x1cb34e]
V  [jvm.dll+0x25b85d]
V  [jvm.dll+0x259dea]
V  [jvm.dll+0x3f857e]
V  [jvm.dll+0x85f59d]
V  [jvm.dll+0x6d626d]
C  [ucrtbase.dll+0x2cd30]
C  [KERNEL32.DLL+0x2e957]
C  [ntdll.dll+0x87c1c]


---------------  P R O C E S S  ---------------

Threads class SMR info:
_java_thread_list=0x000002a0177ebcb0, length=45, elements={
0x0000029fb3258fb0, 0x0000029fb56f7ac0, 0x0000029fb56f96b0, 0x0000029fb56fda70,
0x0000029fb55b5fc0, 0x0000029fb55c07d0, 0x0000029fb55c1230, 0x0000029fb55c5970,
0x000002a00e8c2e60, 0x000002a00ea2fe60, 0x000002a00ea9eee0, 0x000002a013826ec0,
0x000002a0138240d0, 0x000002a013824760, 0x000002a013826830, 0x000002a013824df0,
0x000002a013825480, 0x000002a0138261a0, 0x000002a0132b2a00, 0x000002a0132b3db0,
0x000002a0132b3720, 0x000002a0132b4ad0, 0x000002a0132b2370, 0x000002a0132b78c0,
0x000002a0132b57f0, 0x000002a0132b7f50, 0x000002a0132b5e80, 0x000002a0132b6510,
0x000002a0132b5160, 0x000002a0132b6ba0, 0x000002a0132b7230, 0x000002a0145ea850,
0x000002a0145e9b30, 0x000002a0145ec290, 0x000002a0145eb570, 0x000002a016576ef0,
0x000002a01657a370, 0x000002a01657aa00, 0x000002a016577c10, 0x000002a016578fc0,
0x000002a01657b720, 0x000002a0165782a0, 0x000002a01657bdb0, 0x000002a014443970,
0x000002a016578930
}

Java Threads: ( => current thread )
  0x0000029fb3258fb0 JavaThread "main"                              [_thread_blocked, id=14908, stack(0x000000f99b600000,0x000000f99b700000) (1024K)]
  0x0000029fb56f7ac0 JavaThread "Reference Handler"          daemon [_thread_blocked, id=332, stack(0x000000f99ba00000,0x000000f99bb00000) (1024K)]
  0x0000029fb56f96b0 JavaThread "Finalizer"                  daemon [_thread_blocked, id=21452, stack(0x000000f99bb00000,0x000000f99bc00000) (1024K)]
  0x0000029fb56fda70 JavaThread "Signal Dispatcher"          daemon [_thread_blocked, id=13272, stack(0x000000f99bc00000,0x000000f99bd00000) (1024K)]
  0x0000029fb55b5fc0 JavaThread "Attach Listener"            daemon [_thread_blocked, id=9248, stack(0x000000f99bd00000,0x000000f99be00000) (1024K)]
  0x0000029fb55c07d0 JavaThread "Service Thread"             daemon [_thread_blocked, id=13468, stack(0x000000f99be00000,0x000000f99bf00000) (1024K)]
  0x0000029fb55c1230 JavaThread "Monitor Deflation Thread"   daemon [_thread_blocked, id=8280, stack(0x000000f99bf00000,0x000000f99c000000) (1024K)]
  0x0000029fb55c5970 JavaThread "C2 CompilerThread0"         daemon [_thread_blocked, id=8660, stack(0x000000f99c000000,0x000000f99c100000) (1024K)]
  0x000002a00e8c2e60 JavaThread "C1 CompilerThread0"         daemon [_thread_blocked, id=10296, stack(0x000000f99c100000,0x000000f99c200000) (1024K)]
  0x000002a00ea2fe60 JavaThread "Common-Cleaner"             daemon [_thread_blocked, id=8592, stack(0x000000f99c200000,0x000000f99c300000) (1024K)]
  0x000002a00ea9eee0 JavaThread "Notification Thread"        daemon [_thread_blocked, id=9380, stack(0x000000f99c300000,0x000000f99c400000) (1024K)]
  0x000002a013826ec0 JavaThread "Active Thread: Equinox Container: aad80519-3c04-4c21-8b87-a0b63b21a7ec"        [_thread_blocked, id=22444, stack(0x000000f99c400000,0x000000f99c500000) (1024K)]
  0x000002a0138240d0 JavaThread "Refresh Thread: Equinox Container: aad80519-3c04-4c21-8b87-a0b63b21a7ec" daemon [_thread_blocked, id=2216, stack(0x000000f99cc00000,0x000000f99cd00000) (1024K)]
  0x000002a013824760 JavaThread "Framework Event Dispatcher: Equinox Container: aad80519-3c04-4c21-8b87-a0b63b21a7ec" daemon [_thread_blocked, id=22608, stack(0x000000f99cd00000,0x000000f99ce00000) (1024K)]
  0x000002a013826830 JavaThread "Start Level: Equinox Container: aad80519-3c04-4c21-8b87-a0b63b21a7ec" daemon [_thread_blocked, id=23248, stack(0x000000f99ce00000,0x000000f99cf00000) (1024K)]
  0x000002a013824df0 JavaThread "Bundle File Closer"         daemon [_thread_blocked, id=14540, stack(0x000000f99d000000,0x000000f99d100000) (1024K)]
  0x000002a013825480 JavaThread "SCR Component Actor"        daemon [_thread_blocked, id=6740, stack(0x000000f99cf00000,0x000000f99d000000) (1024K)]
  0x000002a0138261a0 JavaThread "Worker-JM"                         [_thread_blocked, id=14396, stack(0x000000f99d300000,0x000000f99d400000) (1024K)]
  0x000002a0132b2a00 JavaThread "JNA Cleaner"                daemon [_thread_blocked, id=15248, stack(0x000000f99d100000,0x000000f99d200000) (1024K)]
  0x000002a0132b3db0 JavaThread "Worker-1"                          [_thread_blocked, id=17328, stack(0x000000f99d400000,0x000000f99d500000) (1024K)]
  0x000002a0132b3720 JavaThread "Java indexing"              daemon [_thread_blocked, id=15388, stack(0x000000f99d700000,0x000000f99d800000) (1024K)]
  0x000002a0132b4ad0 JavaThread "Worker-4"                          [_thread_blocked, id=1576, stack(0x000000f99dc00000,0x000000f99dd00000) (1024K)]
  0x000002a0132b2370 JavaThread "Thread-1"                   daemon [_thread_in_native, id=14532, stack(0x000000f99dd00000,0x000000f99de00000) (1024K)]
  0x000002a0132b78c0 JavaThread "Thread-2"                   daemon [_thread_in_native, id=19492, stack(0x000000f99de00000,0x000000f99df00000) (1024K)]
  0x000002a0132b57f0 JavaThread "Thread-3"                   daemon [_thread_in_native, id=18752, stack(0x000000f99df00000,0x000000f99e000000) (1024K)]
  0x000002a0132b7f50 JavaThread "Thread-4"                   daemon [_thread_in_native, id=19568, stack(0x000000f99e000000,0x000000f99e100000) (1024K)]
  0x000002a0132b5e80 JavaThread "Thread-5"                   daemon [_thread_in_native, id=3260, stack(0x000000f99e100000,0x000000f99e200000) (1024K)]
  0x000002a0132b6510 JavaThread "Thread-6"                   daemon [_thread_in_native, id=23512, stack(0x000000f99e200000,0x000000f99e300000) (1024K)]
  0x000002a0132b5160 JavaThread "Thread-7"                   daemon [_thread_in_native, id=16144, stack(0x000000f99e300000,0x000000f99e400000) (1024K)]
  0x000002a0132b6ba0 JavaThread "Thread-8"                   daemon [_thread_in_native, id=19516, stack(0x000000f99e400000,0x000000f99e500000) (1024K)]
  0x000002a0132b7230 JavaThread "Thread-9"                   daemon [_thread_in_native, id=21688, stack(0x000000f99e500000,0x000000f99e600000) (1024K)]
  0x000002a0145ea850 JavaThread "pool-2-thread-1"                   [_thread_blocked, id=22660, stack(0x000000f99e600000,0x000000f99e700000) (1024K)]
  0x000002a0145e9b30 JavaThread "WorkspaceEventsHandler"            [_thread_blocked, id=18440, stack(0x000000f99e700000,0x000000f99e800000) (1024K)]
  0x000002a0145ec290 JavaThread "pool-1-thread-1"                   [_thread_blocked, id=18756, stack(0x000000f99e800000,0x000000f99e900000) (1024K)]
  0x000002a0145eb570 JavaThread "Cleaner-0"                  daemon [_thread_blocked, id=9856, stack(0x000000f99b300000,0x000000f99b400000) (1024K)]
  0x000002a016576ef0 JavaThread "Worker-5"                          [_thread_blocked, id=20744, stack(0x000000f99b400000,0x000000f99b500000) (1024K)]
  0x000002a01657a370 JavaThread "Compiler Source File Reader" daemon [_thread_blocked, id=22356, stack(0x000000f99d200000,0x000000f99d300000) (1024K)]
  0x000002a01657aa00 JavaThread "Compiler Processing Task"   daemon [_thread_blocked, id=7620, stack(0x000000f99d500000,0x000000f99d600000) (1024K)]
  0x000002a016577c10 JavaThread "Compiler Source File Reader" daemon [_thread_blocked, id=12712, stack(0x000000f99d600000,0x000000f99d700000) (1024K)]
  0x000002a016578fc0 JavaThread "Compiler Source File Reader" daemon [_thread_blocked, id=16296, stack(0x000000f99d900000,0x000000f99da00000) (1024K)]
  0x000002a01657b720 JavaThread "Compiler Source File Reader" daemon [_thread_blocked, id=6720, stack(0x000000f99d800000,0x000000f99d900000) (1024K)]
  0x000002a0165782a0 JavaThread "Compiler Source File Reader" daemon [_thread_blocked, id=21468, stack(0x000000f99b500000,0x000000f99b600000) (1024K)]
  0x000002a01657bdb0 JavaThread "Worker-6"                          [_thread_blocked, id=9872, stack(0x000000f99da00000,0x000000f99db00000) (1024K)]
=>0x000002a014443970 JavaThread "C2 CompilerThread1"         daemon [_thread_in_native, id=3336, stack(0x000000f99db00000,0x000000f99dc00000) (1024K)]
  0x000002a016578930 JavaThread "Compiler Source File Reader" daemon [_thread_blocked, id=22516, stack(0x000000f99e900000,0x000000f99ea00000) (1024K)]
Total: 45

Other Threads:
  0x0000029fb56e0bb0 VMThread "VM Thread"                           [id=17752, stack(0x000000f99b900000,0x000000f99ba00000) (1024K)]
  0x0000029fb56aa650 WatcherThread "VM Periodic Task Thread"        [id=4868, stack(0x000000f99b800000,0x000000f99b900000) (1024K)]
  0x0000029fb565aa30 WorkerThread "GC Thread#0"                     [id=21416, stack(0x000000f99b700000,0x000000f99b800000) (1024K)]
  0x000002a013687fc0 WorkerThread "GC Thread#1"                     [id=22064, stack(0x000000f99c500000,0x000000f99c600000) (1024K)]
  0x000002a00ebbb690 WorkerThread "GC Thread#2"                     [id=23252, stack(0x000000f99c600000,0x000000f99c700000) (1024K)]
  0x000002a00ebbba40 WorkerThread "GC Thread#3"                     [id=17812, stack(0x000000f99c700000,0x000000f99c800000) (1024K)]
  0x000002a00ebbbdf0 WorkerThread "GC Thread#4"                     [id=480, stack(0x000000f99c800000,0x000000f99c900000) (1024K)]
  0x000002a00ebbc1a0 WorkerThread "GC Thread#5"                     [id=10392, stack(0x000000f99c900000,0x000000f99ca00000) (1024K)]
  0x000002a00ebbc550 WorkerThread "GC Thread#6"                     [id=2080, stack(0x000000f99ca00000,0x000000f99cb00000) (1024K)]
  0x000002a0131b45f0 WorkerThread "GC Thread#7"                     [id=22796, stack(0x000000f99cb00000,0x000000f99cc00000) (1024K)]
Total: 10

Threads with active compile tasks:
C2 CompilerThread1  761379 15434       4       org.eclipse.jdt.internal.compiler.lookup.BinaryTypeBinding::createTypeVariables (359 bytes)
Total: 1

VM state: not at safepoint (normal execution)

VM Mutex/Monitor currently owned by a thread: None

Heap address: 0x0000000080000000, size: 2048 MB, Compressed Oops mode: 32-bit

CDS archive(s) mapped at: [0x0000029fcc000000-0x0000029fccba0000-0x0000029fccba0000), size 12189696, SharedBaseAddress: 0x0000029fcc000000, ArchiveRelocationMode: 1.
Compressed class space mapped at: 0x0000029fcd000000-0x000002a00d000000, reserved size: 1073741824
Narrow klass base: 0x0000029fcc000000, Narrow klass shift: 0, Narrow klass range: 0x100000000

GC Precious Log:
 CardTable entry size: 512
 CPUs: 8 total, 8 available
 Memory: 7834M
 Large Page Support: Disabled
 NUMA Support: Disabled
 Compressed Oops: Enabled (32-bit)
 Alignments: Space 512K, Generation 512K, Heap 2M
 Heap Min Capacity: 100M
 Heap Initial Capacity: 100M
 Heap Max Capacity: 2G
 Pre-touch: Disabled
 Parallel Workers: 8

Heap:
 PSYoungGen      total 4096K, used 3900K [0x00000000d5580000, 0x00000000d5c00000, 0x0000000100000000)
  eden space 2560K, 93% used [0x00000000d5580000,0x00000000d57d7270,0x00000000d5800000)
  from space 1536K, 97% used [0x00000000d5a80000,0x00000000d5bf8000,0x00000000d5c00000)
  to   space 2048K, 0% used [0x00000000d5800000,0x00000000d5800000,0x00000000d5a00000)
 ParOldGen       total 638976K, used 638466K [0x0000000080000000, 0x00000000a7000000, 0x00000000d5580000)
  object space 638976K, 99% used [0x0000000080000000,0x00000000a6f809f8,0x00000000a7000000)
 Metaspace       used 73700K, committed 75264K, reserved 1179648K
  class space    used 7574K, committed 8192K, reserved 1048576K

Card table byte_map: [0x0000029fb4fe0000,0x0000029fb53f0000] _byte_map_base: 0x0000029fb4be0000

Marking Bits: (ParMarkBitMap*) 0x00007fff093f3450
 Begin Bits: [0x0000029fc7af0000, 0x0000029fc9af0000)
 End Bits:   [0x0000029fc9af0000, 0x0000029fcbaf0000)

Polling page: 0x0000029fb3200000

Metaspace:

Usage:
  Non-class:     64.58 MB used.
      Class:      7.40 MB used.
       Both:     71.97 MB used.

Virtual space:
  Non-class space:      128.00 MB reserved,      65.50 MB ( 51%) committed,  2 nodes.
      Class space:        1.00 GB reserved,       8.00 MB ( <1%) committed,  1 nodes.
             Both:        1.12 GB reserved,      73.50 MB (  6%) committed. 

Chunk freelists:
   Non-Class:  13.80 MB
       Class:  7.94 MB
        Both:  21.74 MB

MaxMetaspaceSize: unlimited
CompressedClassSpaceSize: 1.00 GB
Initial GC threshold: 21.00 MB
Current GC threshold: 97.31 MB
CDS: on
 - commit_granule_bytes: 65536.
 - commit_granule_words: 8192.
 - virtual_space_node_default_size: 8388608.
 - enlarge_chunks_in_place: 1.
 - use_allocation_guard: 0.


Internal statistics:

num_allocs_failed_limit: 9.
num_arena_births: 1388.
num_arena_deaths: 14.
num_vsnodes_births: 3.
num_vsnodes_deaths: 0.
num_space_committed: 1176.
num_space_uncommitted: 0.
num_chunks_returned_to_freelist: 23.
num_chunks_taken_from_freelist: 5107.
num_chunk_merges: 15.
num_chunk_splits: 3035.
num_chunks_enlarged: 1593.
num_inconsistent_stats: 0.

CodeHeap 'non-profiled nmethods': size=120000Kb used=11514Kb max_used=11514Kb free=108485Kb
 bounds [0x0000029fc0310000, 0x0000029fc0e50000, 0x0000029fc7840000]
CodeHeap 'profiled nmethods': size=120000Kb used=34478Kb max_used=34478Kb free=85521Kb
 bounds [0x0000029fb8840000, 0x0000029fba9f0000, 0x0000029fbfd70000]
CodeHeap 'non-nmethods': size=5760Kb used=1477Kb max_used=1564Kb free=4282Kb
 bounds [0x0000029fbfd70000, 0x0000029fbffe0000, 0x0000029fc0310000]
CodeCache: size=245760Kb, used=47469Kb, max_used=47556Kb, free=198288Kb
 total_blobs=15433, nmethods=14641, adapters=694, full_count=0
Compilation: enabled, stopped_count=0, restarted_count=0

Compilation events (20 events):
Event: 760.998 Thread 0x000002a0136bf8e0 15468   !   4       org.eclipse.jdt.internal.compiler.parser.Scanner::getNextChar (140 bytes)
Event: 761.000 Thread 0x000002a00e8c2e60 nmethod 15466 0x0000029fba9e3d90 code [0x0000029fba9e43c0, 0x0000029fba9e81e0]
Event: 761.000 Thread 0x000002a00e8c2e60 15469       1       org.eclipse.jdt.internal.compiler.ast.CompilationUnitDeclaration::compilationResult (5 bytes)
Event: 761.000 Thread 0x000002a00e8c2e60 nmethod 15469 0x0000029fc0e4af90 code [0x0000029fc0e4b120, 0x0000029fc0e4b1e8]
Event: 761.001 Thread 0x000002a0136bf8e0 nmethod 15468 0x0000029fc0e4b290 code [0x0000029fc0e4b420, 0x0000029fc0e4b590]
Event: 761.040 Thread 0x0000029fb55c5970 nmethod 15467% 0x0000029fc0e4b710 code [0x0000029fc0e4b920, 0x0000029fc0e4c9b8]
Event: 761.182 Thread 0x0000029fb55c5970 15470       4       java.text.Format::format (24 bytes)
Event: 761.186 Thread 0x000002a00e8c2e60 15471       3       org.eclipse.jdt.internal.core.util.CommentRecorderParser::endParse (35 bytes)
Event: 761.187 Thread 0x000002a00e8c2e60 nmethod 15471 0x0000029fba9e9290 code [0x0000029fba9e9460, 0x0000029fba9e9728]
Event: 761.191 Thread 0x000002a00e8c2e60 15472       3       org.eclipse.jdt.internal.compiler.parser.RecoveredElement::enclosingType (28 bytes)
Event: 761.192 Thread 0x000002a00e8c2e60 nmethod 15472 0x0000029fba9e9890 code [0x0000029fba9e9a60, 0x0000029fba9e9e70]
Event: 761.192 Thread 0x000002a00e8c2e60 15473       3       org.eclipse.jdt.internal.compiler.parser.Parser::resumeOnSyntaxError (167 bytes)
Event: 761.193 Thread 0x000002a00e8c2e60 nmethod 15473 0x0000029fba9e9f90 code [0x0000029fba9ea200, 0x0000029fba9ead68]
Event: 761.193 Thread 0x000002a00e8c2e60 15476       3       org.eclipse.jdt.internal.core.util.CommentRecorderParser::initialize (11 bytes)
Event: 761.193 Thread 0x000002a00e8c2e60 nmethod 15476 0x0000029fba9eaf90 code [0x0000029fba9eb140, 0x0000029fba9eb2a0]
Event: 761.193 Thread 0x000002a00e8c2e60 15474       3       org.eclipse.jdt.internal.compiler.parser.Parser::resetStacks (125 bytes)
Event: 761.193 Thread 0x000002a00e8c2e60 nmethod 15474 0x0000029fba9eb390 code [0x0000029fba9eb540, 0x0000029fba9eb780]
Event: 761.209 Thread 0x0000029fb55c5970 nmethod 15470 0x0000029fc0e4cf10 code [0x0000029fc0e4d1c0, 0x0000029fc0e4e010]
Event: 761.209 Thread 0x0000029fb55c5970 15475       4       java.lang.Integer::equals (29 bytes)
Event: 761.210 Thread 0x0000029fb55c5970 nmethod 15475 0x0000029fc0e4e810 code [0x0000029fc0e4e9a0, 0x0000029fc0e4ea68]

GC Heap History (20 events):
Event: 760.928 GC heap before
{Heap before GC invocations=244 (full 3):
 PSYoungGen      total 2048K, used 1824K [0x00000000d5580000, 0x00000000d5d00000, 0x0000000100000000)
  eden space 1024K, 100% used [0x00000000d5580000,0x00000000d5680000,0x00000000d5680000)
  from space 1024K, 78% used [0x00000000d5c00000,0x00000000d5cc8000,0x00000000d5d00000)
  to   space 1536K, 0% used [0x00000000d5a00000,0x00000000d5a00000,0x00000000d5b80000)
 ParOldGen       total 629760K, used 628708K [0x0000000080000000, 0x00000000a6700000, 0x00000000d5580000)
  object space 629760K, 99% used [0x0000000080000000,0x00000000a65f9388,0x00000000a6700000)
 Metaspace       used 73686K, committed 75200K, reserved 1179648K
  class space    used 7574K, committed 8192K, reserved 1048576K
}
Event: 760.932 GC heap after
{Heap after GC invocations=244 (full 3):
 PSYoungGen      total 2560K, used 544K [0x00000000d5580000, 0x00000000d5c80000, 0x0000000100000000)
  eden space 1024K, 0% used [0x00000000d5580000,0x00000000d5580000,0x00000000d5680000)
  from space 1536K, 35% used [0x00000000d5a00000,0x00000000d5a88000,0x00000000d5b80000)
  to   space 1024K, 0% used [0x00000000d5b80000,0x00000000d5b80000,0x00000000d5c80000)
 ParOldGen       total 629760K, used 629380K [0x0000000080000000, 0x00000000a6700000, 0x00000000d5580000)
  object space 629760K, 99% used [0x0000000080000000,0x00000000a66a1398,0x00000000a6700000)
 Metaspace       used 73686K, committed 75200K, reserved 1179648K
  class space    used 7574K, committed 8192K, reserved 1048576K
}
Event: 760.986 GC heap before
{Heap before GC invocations=245 (full 3):
 PSYoungGen      total 2560K, used 1568K [0x00000000d5580000, 0x00000000d5c80000, 0x0000000100000000)
  eden space 1024K, 100% used [0x00000000d5580000,0x00000000d5680000,0x00000000d5680000)
  from space 1536K, 35% used [0x00000000d5a00000,0x00000000d5a88000,0x00000000d5b80000)
  to   space 1024K, 0% used [0x00000000d5b80000,0x00000000d5b80000,0x00000000d5c80000)
 ParOldGen       total 629760K, used 629380K [0x0000000080000000, 0x00000000a6700000, 0x00000000d5580000)
  object space 629760K, 99% used [0x0000000080000000,0x00000000a66a1398,0x00000000a6700000)
 Metaspace       used 73691K, committed 75200K, reserved 1179648K
  class space    used 7574K, committed 8192K, reserved 1048576K
}
Event: 760.991 GC heap after
{Heap after GC invocations=245 (full 3):
 PSYoungGen      total 1536K, used 224K [0x00000000d5580000, 0x00000000d5c00000, 0x0000000100000000)
  eden space 1024K, 0% used [0x00000000d5580000,0x00000000d5580000,0x00000000d5680000)
  from space 512K, 43% used [0x00000000d5b80000,0x00000000d5bb8000,0x00000000d5c00000)
  to   space 512K, 0% used [0x00000000d5b00000,0x00000000d5b00000,0x00000000d5b80000)
 ParOldGen       total 629760K, used 629756K [0x0000000080000000, 0x00000000a6700000, 0x00000000d5580000)
  object space 629760K, 99% used [0x0000000080000000,0x00000000a66ff398,0x00000000a6700000)
 Metaspace       used 73691K, committed 75200K, reserved 1179648K
  class space    used 7574K, committed 8192K, reserved 1048576K
}
Event: 761.006 GC heap before
{Heap before GC invocations=246 (full 3):
 PSYoungGen      total 1536K, used 900K [0x00000000d5580000, 0x00000000d5c00000, 0x0000000100000000)
  eden space 1024K, 66% used [0x00000000d5580000,0x00000000d56293c8,0x00000000d5680000)
  from space 512K, 43% used [0x00000000d5b80000,0x00000000d5bb8000,0x00000000d5c00000)
  to   space 512K, 0% used [0x00000000d5b00000,0x00000000d5b00000,0x00000000d5b80000)
 ParOldGen       total 629760K, used 629756K [0x0000000080000000, 0x00000000a6700000, 0x00000000d5580000)
  object space 629760K, 99% used [0x0000000080000000,0x00000000a66ff398,0x00000000a6700000)
 Metaspace       used 73698K, committed 75264K, reserved 1179648K
  class space    used 7574K, committed 8192K, reserved 1048576K
}
Event: 761.008 GC heap after
{Heap after GC invocations=246 (full 3):
 PSYoungGen      total 1536K, used 160K [0x00000000d5580000, 0x00000000d5c00000, 0x0000000100000000)
  eden space 1024K, 0% used [0x00000000d5580000,0x00000000d5580000,0x00000000d5680000)
  from space 512K, 31% used [0x00000000d5b00000,0x00000000d5b28000,0x00000000d5b80000)
  to   space 512K, 0% used [0x00000000d5b80000,0x00000000d5b80000,0x00000000d5c00000)
 ParOldGen       total 630272K, used 630163K [0x0000000080000000, 0x00000000a6780000, 0x00000000d5580000)
  object space 630272K, 99% used [0x0000000080000000,0x00000000a6764ec8,0x00000000a6780000)
 Metaspace       used 73698K, committed 75264K, reserved 1179648K
  class space    used 7574K, committed 8192K, reserved 1048576K
}
Event: 761.011 GC heap before
{Heap before GC invocations=247 (full 3):
 PSYoungGen      total 1536K, used 1184K [0x00000000d5580000, 0x00000000d5c00000, 0x0000000100000000)
  eden space 1024K, 100% used [0x00000000d5580000,0x00000000d5680000,0x00000000d5680000)
  from space 512K, 31% used [0x00000000d5b00000,0x00000000d5b28000,0x00000000d5b80000)
  to   space 512K, 0% used [0x00000000d5b80000,0x00000000d5b80000,0x00000000d5c00000)
 ParOldGen       total 630272K, used 630163K [0x0000000080000000, 0x00000000a6780000, 0x00000000d5580000)
  object space 630272K, 99% used [0x0000000080000000,0x00000000a6764ec8,0x00000000a6780000)
 Metaspace       used 73698K, committed 75264K, reserved 1179648K
  class space    used 7574K, committed 8192K, reserved 1048576K
}
Event: 761.014 GC heap after
{Heap after GC invocations=247 (full 3):
 PSYoungGen      total 2048K, used 512K [0x00000000d5580000, 0x00000000d5c00000, 0x0000000100000000)
  eden space 1536K, 0% used [0x00000000d5580000,0x00000000d5580000,0x00000000d5700000)
  from space 512K, 100% used [0x00000000d5b80000,0x00000000d5c00000,0x00000000d5c00000)
  to   space 1536K, 0% used [0x00000000d5900000,0x00000000d5900000,0x00000000d5a80000)
 ParOldGen       total 630784K, used 630730K [0x0000000080000000, 0x00000000a6800000, 0x00000000d5580000)
  object space 630784K, 99% used [0x0000000080000000,0x00000000a67f29f8,0x00000000a6800000)
 Metaspace       used 73698K, committed 75264K, reserved 1179648K
  class space    used 7574K, committed 8192K, reserved 1048576K
}
Event: 761.020 GC heap before
{Heap before GC invocations=248 (full 3):
 PSYoungGen      total 2048K, used 2048K [0x00000000d5580000, 0x00000000d5c00000, 0x0000000100000000)
  eden space 1536K, 100% used [0x00000000d5580000,0x00000000d5700000,0x00000000d5700000)
  from space 512K, 100% used [0x00000000d5b80000,0x00000000d5c00000,0x00000000d5c00000)
  to   space 1536K, 0% used [0x00000000d5900000,0x00000000d5900000,0x00000000d5a80000)
 ParOldGen       total 630784K, used 630730K [0x0000000080000000, 0x00000000a6800000, 0x00000000d5580000)
  object space 630784K, 99% used [0x0000000080000000,0x00000000a67f29f8,0x00000000a6800000)
 Metaspace       used 73698K, committed 75264K, reserved 1179648K
  class space    used 7574K, committed 8192K, reserved 1048576K
}
Event: 761.025 GC heap after
{Heap after GC invocations=248 (full 3):
 PSYoungGen      total 3584K, used 1536K [0x00000000d5580000, 0x00000000d5c80000, 0x0000000100000000)
  eden space 2048K, 0% used [0x00000000d5580000,0x00000000d5580000,0x00000000d5780000)
  from space 1536K, 100% used [0x00000000d5900000,0x00000000d5a80000,0x00000000d5a80000)
  to   space 2048K, 0% used [0x00000000d5a80000,0x00000000d5a80000,0x00000000d5c80000)
 ParOldGen       total 631296K, used 631274K [0x0000000080000000, 0x00000000a6880000, 0x00000000d5580000)
  object space 631296K, 99% used [0x0000000080000000,0x00000000a687a9f8,0x00000000a6880000)
 Metaspace       used 73698K, committed 75264K, reserved 1179648K
  class space    used 7574K, committed 8192K, reserved 1048576K
}
Event: 761.033 GC heap before
{Heap before GC invocations=249 (full 3):
 PSYoungGen      total 3584K, used 3584K [0x00000000d5580000, 0x00000000d5c80000, 0x0000000100000000)
  eden space 2048K, 100% used [0x00000000d5580000,0x00000000d5780000,0x00000000d5780000)
  from space 1536K, 100% used [0x00000000d5900000,0x00000000d5a80000,0x00000000d5a80000)
  to   space 2048K, 0% used [0x00000000d5a80000,0x00000000d5a80000,0x00000000d5c80000)
 ParOldGen       total 631296K, used 631274K [0x0000000080000000, 0x00000000a6880000, 0x00000000d5580000)
  object space 631296K, 99% used [0x0000000080000000,0x00000000a687a9f8,0x00000000a6880000)
 Metaspace       used 73698K, committed 75264K, reserved 1179648K
  class space    used 7574K, committed 8192K, reserved 1048576K
}
Event: 761.038 GC heap after
{Heap after GC invocations=249 (full 3):
 PSYoungGen      total 3072K, used 2048K [0x00000000d5580000, 0x00000000d6000000, 0x0000000100000000)
  eden space 1024K, 0% used [0x00000000d5580000,0x00000000d5580000,0x00000000d5680000)
  from space 2048K, 100% used [0x00000000d5a80000,0x00000000d5c80000,0x00000000d5c80000)
  to   space 4096K, 0% used [0x00000000d5680000,0x00000000d5680000,0x00000000d5a80000)
 ParOldGen       total 632832K, used 632802K [0x0000000080000000, 0x00000000a6a00000, 0x00000000d5580000)
  object space 632832K, 99% used [0x0000000080000000,0x00000000a69f89f8,0x00000000a6a00000)
 Metaspace       used 73698K, committed 75264K, reserved 1179648K
  class space    used 7574K, committed 8192K, reserved 1048576K
}
Event: 761.044 GC heap before
{Heap before GC invocations=250 (full 3):
 PSYoungGen      total 3072K, used 3072K [0x00000000d5580000, 0x00000000d6000000, 0x0000000100000000)
  eden space 1024K, 100% used [0x00000000d5580000,0x00000000d5680000,0x00000000d5680000)
  from space 2048K, 100% used [0x00000000d5a80000,0x00000000d5c80000,0x00000000d5c80000)
  to   space 4096K, 0% used [0x00000000d5680000,0x00000000d5680000,0x00000000d5a80000)
 ParOldGen       total 632832K, used 632802K [0x0000000080000000, 0x00000000a6a00000, 0x00000000d5580000)
  object space 632832K, 99% used [0x0000000080000000,0x00000000a69f89f8,0x00000000a6a00000)
 Metaspace       used 73698K, committed 75264K, reserved 1179648K
  class space    used 7574K, committed 8192K, reserved 1048576K
}
Event: 761.048 GC heap after
{Heap after GC invocations=250 (full 3):
 PSYoungGen      total 2560K, used 1152K [0x00000000d5580000, 0x00000000d5b00000, 0x0000000100000000)
  eden space 1024K, 0% used [0x00000000d5580000,0x00000000d5580000,0x00000000d5680000)
  from space 1536K, 75% used [0x00000000d5680000,0x00000000d57a0000,0x00000000d5800000)
  to   space 2048K, 0% used [0x00000000d5900000,0x00000000d5900000,0x00000000d5b00000)
 ParOldGen       total 634880K, used 634858K [0x0000000080000000, 0x00000000a6c00000, 0x00000000d5580000)
  object space 634880K, 99% used [0x0000000080000000,0x00000000a6bfa9f8,0x00000000a6c00000)
 Metaspace       used 73698K, committed 75264K, reserved 1179648K
  class space    used 7574K, committed 8192K, reserved 1048576K
}
Event: 761.053 GC heap before
{Heap before GC invocations=251 (full 3):
 PSYoungGen      total 2560K, used 2176K [0x00000000d5580000, 0x00000000d5b00000, 0x0000000100000000)
  eden space 1024K, 100% used [0x00000000d5580000,0x00000000d5680000,0x00000000d5680000)
  from space 1536K, 75% used [0x00000000d5680000,0x00000000d57a0000,0x00000000d5800000)
  to   space 2048K, 0% used [0x00000000d5900000,0x00000000d5900000,0x00000000d5b00000)
 ParOldGen       total 634880K, used 634858K [0x0000000080000000, 0x00000000a6c00000, 0x00000000d5580000)
  object space 634880K, 99% used [0x0000000080000000,0x00000000a6bfa9f8,0x00000000a6c00000)
 Metaspace       used 73698K, committed 75264K, reserved 1179648K
  class space    used 7574K, committed 8192K, reserved 1048576K
}
Event: 761.056 GC heap after
{Heap after GC invocations=251 (full 3):
 PSYoungGen      total 3072K, used 1120K [0x00000000d5580000, 0x00000000d5a80000, 0x0000000100000000)
  eden space 1536K, 0% used [0x00000000d5580000,0x00000000d5580000,0x00000000d5700000)
  from space 1536K, 72% used [0x00000000d5900000,0x00000000d5a18000,0x00000000d5a80000)
  to   space 1536K, 0% used [0x00000000d5780000,0x00000000d5780000,0x00000000d5900000)
 ParOldGen       total 635904K, used 635890K [0x0000000080000000, 0x00000000a6d00000, 0x00000000d5580000)
  object space 635904K, 99% used [0x0000000080000000,0x00000000a6cfc9f8,0x00000000a6d00000)
 Metaspace       used 73698K, committed 75264K, reserved 1179648K
  class space    used 7574K, committed 8192K, reserved 1048576K
}
Event: 761.063 GC heap before
{Heap before GC invocations=252 (full 3):
 PSYoungGen      total 3072K, used 2656K [0x00000000d5580000, 0x00000000d5a80000, 0x0000000100000000)
  eden space 1536K, 100% used [0x00000000d5580000,0x00000000d5700000,0x00000000d5700000)
  from space 1536K, 72% used [0x00000000d5900000,0x00000000d5a18000,0x00000000d5a80000)
  to   space 1536K, 0% used [0x00000000d5780000,0x00000000d5780000,0x00000000d5900000)
 ParOldGen       total 635904K, used 635890K [0x0000000080000000, 0x00000000a6d00000, 0x00000000d5580000)
  object space 635904K, 99% used [0x0000000080000000,0x00000000a6cfc9f8,0x00000000a6d00000)
 Metaspace       used 73698K, committed 75264K, reserved 1179648K
  class space    used 7574K, committed 8192K, reserved 1048576K
}
Event: 761.066 GC heap after
{Heap after GC invocations=252 (full 3):
 PSYoungGen      total 3584K, used 1536K [0x00000000d5580000, 0x00000000d5d80000, 0x0000000100000000)
  eden space 2048K, 0% used [0x00000000d5580000,0x00000000d5580000,0x00000000d5780000)
  from space 1536K, 100% used [0x00000000d5780000,0x00000000d5900000,0x00000000d5900000)
  to   space 3072K, 0% used [0x00000000d5a80000,0x00000000d5a80000,0x00000000d5d80000)
 ParOldGen       total 637440K, used 636930K [0x0000000080000000, 0x00000000a6e80000, 0x00000000d5580000)
  object space 637440K, 99% used [0x0000000080000000,0x00000000a6e009f8,0x00000000a6e80000)
 Metaspace       used 73698K, committed 75264K, reserved 1179648K
  class space    used 7574K, committed 8192K, reserved 1048576K
}
Event: 761.084 GC heap before
{Heap before GC invocations=253 (full 3):
 PSYoungGen      total 3584K, used 3584K [0x00000000d5580000, 0x00000000d5d80000, 0x0000000100000000)
  eden space 2048K, 100% used [0x00000000d5580000,0x00000000d5780000,0x00000000d5780000)
  from space 1536K, 100% used [0x00000000d5780000,0x00000000d5900000,0x00000000d5900000)
  to   space 3072K, 0% used [0x00000000d5a80000,0x00000000d5a80000,0x00000000d5d80000)
 ParOldGen       total 637440K, used 636930K [0x0000000080000000, 0x00000000a6e80000, 0x00000000d5580000)
  object space 637440K, 99% used [0x0000000080000000,0x00000000a6e009f8,0x00000000a6e80000)
 Metaspace       used 73698K, committed 75264K, reserved 1179648K
  class space    used 7574K, committed 8192K, reserved 1048576K
}
Event: 761.090 GC heap after
{Heap after GC invocations=253 (full 3):
 PSYoungGen      total 4096K, used 1504K [0x00000000d5580000, 0x00000000d5c00000, 0x0000000100000000)
  eden space 2560K, 0% used [0x00000000d5580000,0x00000000d5580000,0x00000000d5800000)
  from space 1536K, 97% used [0x00000000d5a80000,0x00000000d5bf8000,0x00000000d5c00000)
  to   space 2048K, 0% used [0x00000000d5800000,0x00000000d5800000,0x00000000d5a00000)
 ParOldGen       total 638976K, used 638466K [0x0000000080000000, 0x00000000a7000000, 0x00000000d5580000)
  object space 638976K, 99% used [0x0000000080000000,0x00000000a6f809f8,0x00000000a7000000)
 Metaspace       used 73698K, committed 75264K, reserved 1179648K
  class space    used 7574K, committed 8192K, reserved 1048576K
}

Dll operation events (10 events):
Event: 0.056 Loaded shared library c:\Users\Hp\.antigravity\extensions\redhat.java-1.54.0-win32-x64\jre\21.0.10-win32-x86_64\bin\java.dll
Event: 1.300 Loaded shared library c:\Users\Hp\.antigravity\extensions\redhat.java-1.54.0-win32-x64\jre\21.0.10-win32-x86_64\bin\zip.dll
Event: 1.433 Loaded shared library C:\Users\Hp\.antigravity\extensions\redhat.java-1.54.0-win32-x64\jre\21.0.10-win32-x86_64\bin\instrument.dll
Event: 1.455 Loaded shared library C:\Users\Hp\.antigravity\extensions\redhat.java-1.54.0-win32-x64\jre\21.0.10-win32-x86_64\bin\net.dll
Event: 1.460 Loaded shared library C:\Users\Hp\.antigravity\extensions\redhat.java-1.54.0-win32-x64\jre\21.0.10-win32-x86_64\bin\nio.dll
Event: 1.468 Loaded shared library C:\Users\Hp\.antigravity\extensions\redhat.java-1.54.0-win32-x64\jre\21.0.10-win32-x86_64\bin\zip.dll
Event: 1.527 Loaded shared library C:\Users\Hp\.antigravity\extensions\redhat.java-1.54.0-win32-x64\jre\21.0.10-win32-x86_64\bin\jimage.dll
Event: 2.147 Loaded shared library c:\Users\Hp\.antigravity\extensions\redhat.java-1.54.0-win32-x64\jre\21.0.10-win32-x86_64\bin\verify.dll
Event: 11.430 Loaded shared library C:\Users\Hp\AppData\Roaming\Antigravity\User\globalStorage\redhat.java\1.54.0\config_win\org.eclipse.equinox.launcher\org.eclipse.equinox.launcher.win32.win32.x86_64_1.3.0.v20260203-2149\eclipse_11919.dll
Event: 18.755 Loaded shared library C:\Users\Hp\AppData\Local\Temp\jna-2344\jna7638417075140067796.dll

Deoptimization events (20 events):
Event: 760.690 Thread 0x000002a016576ef0 DEOPT PACKING pc=0x0000029fc0e3e1a8 sp=0x000000f99b4fe670
Event: 760.690 Thread 0x000002a016576ef0 DEOPT UNPACKING pc=0x0000029fbfdc6da2 sp=0x000000f99b4fe5d8 mode 2
Event: 760.690 Thread 0x000002a016576ef0 Uncommon trap: trap_request=0xffffffbe fr.pc=0x0000029fc0e3e1a8 relative=0x0000000000000108
Event: 760.690 Thread 0x000002a016576ef0 Uncommon trap: reason=profile_predicate action=maybe_recompile pc=0x0000029fc0e3e1a8 method=org.eclipse.jdt.core.compiler.CharOperation.splitAndTrimOn(C[C)[[C @ 175 c2
Event: 760.690 Thread 0x000002a016576ef0 DEOPT PACKING pc=0x0000029fc0e3e1a8 sp=0x000000f99b4fe700
Event: 760.690 Thread 0x000002a016576ef0 DEOPT UNPACKING pc=0x0000029fbfdc6da2 sp=0x000000f99b4fe668 mode 2
Event: 760.690 Thread 0x000002a016576ef0 Uncommon trap: trap_request=0xffffffbe fr.pc=0x0000029fc0e3e1a8 relative=0x0000000000000108
Event: 760.690 Thread 0x000002a016576ef0 Uncommon trap: reason=profile_predicate action=maybe_recompile pc=0x0000029fc0e3e1a8 method=org.eclipse.jdt.core.compiler.CharOperation.splitAndTrimOn(C[C)[[C @ 175 c2
Event: 760.690 Thread 0x000002a016576ef0 DEOPT PACKING pc=0x0000029fc0e3e1a8 sp=0x000000f99b4fe700
Event: 760.690 Thread 0x000002a016576ef0 DEOPT UNPACKING pc=0x0000029fbfdc6da2 sp=0x000000f99b4fe668 mode 2
Event: 760.806 Thread 0x000002a016576ef0 DEOPT PACKING pc=0x0000029fba8a63e5 sp=0x000000f99b4fcd50
Event: 760.806 Thread 0x000002a016576ef0 DEOPT UNPACKING pc=0x0000029fbfdc78e2 sp=0x000000f99b4fc1d8 mode 0
Event: 760.807 Thread 0x000002a016576ef0 DEOPT PACKING pc=0x0000029fba8a636c sp=0x000000f99b4fd0d0
Event: 760.807 Thread 0x000002a016576ef0 DEOPT UNPACKING pc=0x0000029fbfdc78e2 sp=0x000000f99b4fc558 mode 0
Event: 760.812 Thread 0x000002a01657aa00 DEOPT PACKING pc=0x0000029fba8a63e5 sp=0x000000f99d5fe450
Event: 760.812 Thread 0x000002a01657aa00 DEOPT UNPACKING pc=0x0000029fbfdc78e2 sp=0x000000f99d5fd8d8 mode 0
Event: 760.814 Thread 0x000002a01657aa00 DEOPT PACKING pc=0x0000029fba8a636c sp=0x000000f99d5fe2d0
Event: 760.814 Thread 0x000002a01657aa00 DEOPT UNPACKING pc=0x0000029fbfdc78e2 sp=0x000000f99d5fd758 mode 0
Event: 760.993 Thread 0x000002a0132b3db0 DEOPT PACKING pc=0x0000029fba5de4fb sp=0x000000f99d4fe820
Event: 760.993 Thread 0x000002a0132b3db0 DEOPT UNPACKING pc=0x0000029fbfdc78e2 sp=0x000000f99d4fdcb8 mode 0

Classes loaded (20 events):
Event: 713.145 Loading class jdk/internal/module/IllegalAccessLogger
Event: 713.145 Loading class jdk/internal/module/IllegalAccessLogger done
Event: 713.180 Loading class java/util/concurrent/ArrayBlockingQueue
Event: 713.182 Loading class java/util/concurrent/ArrayBlockingQueue done
Event: 714.315 Loading class java/nio/BufferMismatch
Event: 714.316 Loading class java/nio/BufferMismatch done
Event: 714.614 Loading class sun/nio/fs/WindowsFileCopy
Event: 714.616 Loading class sun/nio/fs/WindowsFileCopy done
Event: 715.809 Loading class jdk/internal/module/IllegalAccessLogger
Event: 715.809 Loading class jdk/internal/module/IllegalAccessLogger done
Event: 715.967 Loading class sun/nio/ch/ChannelOutputStream
Event: 715.967 Loading class sun/nio/ch/ChannelOutputStream done
Event: 729.705 Loading class jdk/internal/module/IllegalAccessLogger
Event: 729.705 Loading class jdk/internal/module/IllegalAccessLogger done
Event: 746.122 Loading class jdk/internal/module/IllegalAccessLogger
Event: 746.122 Loading class jdk/internal/module/IllegalAccessLogger done
Event: 747.470 Loading class jdk/internal/module/IllegalAccessLogger
Event: 747.470 Loading class jdk/internal/module/IllegalAccessLogger done
Event: 760.809 Loading class jdk/internal/module/IllegalAccessLogger
Event: 760.809 Loading class jdk/internal/module/IllegalAccessLogger done

Classes unloaded (7 events):
Event: 20.130 Thread 0x0000029fb56e0bb0 Unloading class 0x0000029fcd1a8c00 'java/lang/invoke/LambdaForm$MH+0x0000029fcd1a8c00'
Event: 20.130 Thread 0x0000029fb56e0bb0 Unloading class 0x0000029fcd1a8800 'java/lang/invoke/LambdaForm$MH+0x0000029fcd1a8800'
Event: 20.130 Thread 0x0000029fb56e0bb0 Unloading class 0x0000029fcd1a8400 'java/lang/invoke/LambdaForm$MH+0x0000029fcd1a8400'
Event: 20.130 Thread 0x0000029fb56e0bb0 Unloading class 0x0000029fcd1a8000 'java/lang/invoke/LambdaForm$MH+0x0000029fcd1a8000'
Event: 20.130 Thread 0x0000029fb56e0bb0 Unloading class 0x0000029fcd1a7c00 'java/lang/invoke/LambdaForm$BMH+0x0000029fcd1a7c00'
Event: 20.130 Thread 0x0000029fb56e0bb0 Unloading class 0x0000029fcd1a7800 'java/lang/invoke/LambdaForm$DMH+0x0000029fcd1a7800'
Event: 20.130 Thread 0x0000029fb56e0bb0 Unloading class 0x0000029fcd1a6400 'java/lang/invoke/LambdaForm$DMH+0x0000029fcd1a6400'

Classes redefined (0 events):
No events

Internal exceptions (20 events):
Event: 711.337 Thread 0x000002a0145e9b30 Exception <a 'sun/nio/fs/WindowsException'{0x00000000d56bd438}> (0x00000000d56bd438) 
thrown [s\src\hotspot\share\prims\jni.cpp, line 520]
Event: 711.340 Thread 0x000002a0145e9b30 Exception <a 'sun/nio/fs/WindowsException'{0x00000000d56be1e0}> (0x00000000d56be1e0) 
thrown [s\src\hotspot\share\prims\jni.cpp, line 520]
Event: 713.329 Thread 0x000002a0132b3db0 Exception <a 'java/lang/NoSuchMethodError'{0x00000000d5c4a390}: 'java.lang.Object java.lang.invoke.DirectMethodHandle$Holder.newInvokeSpecial(java.lang.Object, java.lang.Object, int, java.lang.Object, java.lang.Object)'> (0x00000000d5c4a390) 
thrown [s\src\hotspot\share\interpreter\linkResolver.cpp, line 773]
Event: 713.333 Thread 0x000002a0132b3db0 Exception <a 'java/lang/NoSuchMethodError'{0x00000000d5c4e378}: 'java.lang.Object java.lang.invoke.Invokers$Holder.linkToTargetMethod(java.lang.Object, int, java.lang.Object, java.lang.Object, java.lang.Object)'> (0x00000000d5c4e378) 
thrown [s\src\hotspot\share\interpreter\linkResolver.cpp, line 773]
Event: 713.359 Thread 0x000002a0132b3db0 Exception <a 'java/lang/NoSuchMethodError'{0x00000000d5c638d0}: 'java.lang.Object java.lang.invoke.DirectMethodHandle$Holder.invokeSpecial(java.lang.Object, java.lang.Object, java.lang.Object, int, java.lang.Object, java.lang.Object, java.lang.Object)'> (0x00000000d5c638d0) 
thrown [s\src\hotspot\share\interpreter\linkResolver.cpp, line 773]
Event: 713.471 Thread 0x000002a0132b3db0 Exception <a 'java/lang/NoSuchMethodError'{0x00000000d5ce94b0}: 'void java.lang.invoke.DirectMethodHandle$Holder.invokeStatic(java.lang.Object, int)'> (0x00000000d5ce94b0) 
thrown [s\src\hotspot\share\interpreter\linkResolver.cpp, line 773]
Event: 713.757 Thread 0x000002a0132b3db0 Exception <a 'java/io/FileNotFoundException'{0x00000000d5a75698}> (0x00000000d5a75698) 
thrown [s\src\hotspot\share\prims\jni.cpp, line 520]
Event: 713.758 Thread 0x000002a0132b3db0 Exception <a 'java/io/FileNotFoundException'{0x00000000d5a76950}> (0x00000000d5a76950) 
thrown [s\src\hotspot\share\prims\jni.cpp, line 520]
Event: 713.759 Thread 0x000002a0132b3db0 Exception <a 'java/io/FileNotFoundException'{0x00000000d5a77940}> (0x00000000d5a77940) 
thrown [s\src\hotspot\share\prims\jni.cpp, line 520]
Event: 713.856 Thread 0x000002a0132b3db0 Implicit null exception at 0x0000029fc09d8515 to 0x0000029fc09d8b14
Event: 713.947 Thread 0x000002a0132b3db0 Implicit null exception at 0x0000029fc07143d7 to 0x0000029fc07153bc
Event: 714.617 Thread 0x000002a0132b3720 Exception <a 'sun/nio/fs/WindowsException'{0x00000000d5c97260}> (0x00000000d5c97260) 
thrown [s\src\hotspot\share\prims\jni.cpp, line 520]
Event: 715.136 Thread 0x000002a0132b3720 Exception <a 'sun/nio/fs/WindowsException'{0x00000000d5bb78e8}> (0x00000000d5bb78e8) 
thrown [s\src\hotspot\share\prims\jni.cpp, line 520]
Event: 715.189 Thread 0x000002a0132b3720 Implicit null exception at 0x0000029fc0b10862 to 0x0000029fc0b10cc4
Event: 729.578 Thread 0x000002a0132b3720 Exception <a 'sun/nio/fs/WindowsException'{0x00000000d55a4af0}> (0x00000000d55a4af0) 
thrown [s\src\hotspot\share\prims\jni.cpp, line 520]
Event: 730.127 Thread 0x000002a0132b3720 Exception <a 'sun/nio/fs/WindowsException'{0x00000000d563cae8}> (0x00000000d563cae8) 
thrown [s\src\hotspot\share\prims\jni.cpp, line 520]
Event: 745.864 Thread 0x000002a0132b3720 Exception <a 'sun/nio/fs/WindowsException'{0x00000000d5737740}> (0x00000000d5737740) 
thrown [s\src\hotspot\share\prims\jni.cpp, line 520]
Event: 746.341 Thread 0x000002a0132b3720 Exception <a 'sun/nio/fs/WindowsException'{0x00000000d55ba0d8}> (0x00000000d55ba0d8) 
thrown [s\src\hotspot\share\prims\jni.cpp, line 520]
Event: 760.558 Thread 0x000002a0132b3720 Exception <a 'sun/nio/fs/WindowsException'{0x00000000d561abb8}> (0x00000000d561abb8) 
thrown [s\src\hotspot\share\prims\jni.cpp, line 520]
Event: 761.178 Thread 0x000002a0132b3720 Exception <a 'sun/nio/fs/WindowsException'{0x00000000d5767228}> (0x00000000d5767228) 
thrown [s\src\hotspot\share\prims\jni.cpp, line 520]

ZGC Phase Switch (0 events):
No events

VM Operations (20 events):
Event: 760.928 Executing safepoint VM operation: ParallelGCFailedAllocation (Allocation Failure)
Event: 760.932 Executing safepoint VM operation: ParallelGCFailedAllocation (Allocation Failure) done
Event: 760.986 Executing safepoint VM operation: ParallelGCFailedAllocation (Allocation Failure)
Event: 760.991 Executing safepoint VM operation: ParallelGCFailedAllocation (Allocation Failure) done
Event: 761.006 Executing safepoint VM operation: ParallelGCFailedAllocation (Allocation Failure)
Event: 761.009 Executing safepoint VM operation: ParallelGCFailedAllocation (Allocation Failure) done
Event: 761.011 Executing safepoint VM operation: ParallelGCFailedAllocation (Allocation Failure)
Event: 761.014 Executing safepoint VM operation: ParallelGCFailedAllocation (Allocation Failure) done
Event: 761.020 Executing safepoint VM operation: ParallelGCFailedAllocation (Allocation Failure)
Event: 761.026 Executing safepoint VM operation: ParallelGCFailedAllocation (Allocation Failure) done
Event: 761.033 Executing safepoint VM operation: ParallelGCFailedAllocation (Allocation Failure)
Event: 761.038 Executing safepoint VM operation: ParallelGCFailedAllocation (Allocation Failure) done
Event: 761.044 Executing safepoint VM operation: ParallelGCFailedAllocation (Allocation Failure)
Event: 761.048 Executing safepoint VM operation: ParallelGCFailedAllocation (Allocation Failure) done
Event: 761.053 Executing safepoint VM operation: ParallelGCFailedAllocation (Allocation Failure)
Event: 761.056 Executing safepoint VM operation: ParallelGCFailedAllocation (Allocation Failure) done
Event: 761.063 Executing safepoint VM operation: ParallelGCFailedAllocation (Allocation Failure)
Event: 761.066 Executing safepoint VM operation: ParallelGCFailedAllocation (Allocation Failure) done
Event: 761.084 Executing safepoint VM operation: ParallelGCFailedAllocation (Allocation Failure)
Event: 761.090 Executing safepoint VM operation: ParallelGCFailedAllocation (Allocation Failure) done

Memory protections (0 events):
No events

Nmethod flushes (20 events):
Event: 31.507 Thread 0x0000029fb56e0bb0 flushing  nmethod 0x0000029fb9149290
Event: 31.507 Thread 0x0000029fb56e0bb0 flushing  nmethod 0x0000029fb9149690
Event: 31.507 Thread 0x0000029fb56e0bb0 flushing  nmethod 0x0000029fb9149c90
Event: 31.507 Thread 0x0000029fb56e0bb0 flushing  nmethod 0x0000029fb9165890
Event: 31.507 Thread 0x0000029fb56e0bb0 flushing  nmethod 0x0000029fb9168a90
Event: 31.507 Thread 0x0000029fb56e0bb0 flushing  nmethod 0x0000029fb916a090
Event: 31.507 Thread 0x0000029fb56e0bb0 flushing  nmethod 0x0000029fb916b090
Event: 31.507 Thread 0x0000029fb56e0bb0 flushing  nmethod 0x0000029fb9196210
Event: 31.507 Thread 0x0000029fb56e0bb0 flushing  nmethod 0x0000029fb919e810
Event: 31.507 Thread 0x0000029fb56e0bb0 flushing  nmethod 0x0000029fb91a2210
Event: 31.507 Thread 0x0000029fb56e0bb0 flushing  nmethod 0x0000029fb91c9690
Event: 31.507 Thread 0x0000029fb56e0bb0 flushing  nmethod 0x0000029fb91cf990
Event: 31.507 Thread 0x0000029fb56e0bb0 flushing  nmethod 0x0000029fb91d8890
Event: 31.507 Thread 0x0000029fb56e0bb0 flushing  nmethod 0x0000029fb91d9f90
Event: 31.507 Thread 0x0000029fb56e0bb0 flushing  nmethod 0x0000029fb91da590
Event: 31.507 Thread 0x0000029fb56e0bb0 flushing  nmethod 0x0000029fb91dba10
Event: 31.507 Thread 0x0000029fb56e0bb0 flushing  nmethod 0x0000029fb91e0690
Event: 31.507 Thread 0x0000029fb56e0bb0 flushing  nmethod 0x0000029fb91f7010
Event: 31.507 Thread 0x0000029fb56e0bb0 flushing  nmethod 0x0000029fb91fa810
Event: 31.507 Thread 0x0000029fb56e0bb0 flushing  nmethod 0x0000029fb920e210

Events (20 events):
Event: 715.612 Thread 0x000002a0132b3db0 Thread added: 0x000002a016577c10
Event: 721.042 Thread 0x000002a016889dc0 Thread exited: 0x000002a016889dc0
Event: 729.584 Thread 0x000002a00e8c2e60 Thread added: 0x000002a014de26e0
Event: 729.584 Thread 0x000002a00e8c2e60 Thread added: 0x000002a01617fc30
Event: 729.628 Thread 0x000002a0132b4ad0 Thread added: 0x000002a016578fc0
Event: 735.476 Thread 0x000002a01617fc30 Thread exited: 0x000002a01617fc30
Event: 740.315 Thread 0x000002a014de26e0 Thread exited: 0x000002a014de26e0
Event: 745.998 Thread 0x000002a00e8c2e60 Thread added: 0x000002a014de26e0
Event: 746.012 Thread 0x000002a016576ef0 Thread added: 0x000002a01657b720
Event: 746.129 Thread 0x000002a00e8c2e60 Thread added: 0x000002a0143417c0
Event: 747.195 Thread 0x000002a0143417c0 Thread exited: 0x000002a0143417c0
Event: 747.195 Thread 0x000002a014de26e0 Thread exited: 0x000002a014de26e0
Event: 747.386 Thread 0x000002a0132b3db0 Thread added: 0x000002a0165782a0
Event: 747.475 Thread 0x000002a00e8c2e60 Thread added: 0x000002a0190d1570
Event: 752.804 Thread 0x000002a0190d1570 Thread exited: 0x000002a0190d1570
Event: 760.633 Thread 0x000002a016576ef0 Thread added: 0x000002a01657bdb0
Event: 760.699 Thread 0x0000029fb55c5970 Thread added: 0x000002a014443970
Event: 760.719 Thread 0x000002a016576ef0 Thread added: 0x000002a016578930
Event: 760.822 Thread 0x000002a00e8c2e60 Thread added: 0x000002a0136bf8e0
Event: 761.182 Thread 0x000002a0136bf8e0 Thread exited: 0x000002a0136bf8e0


Dynamic libraries:
0x00007ff69b5d0000 - 0x00007ff69b5de000 	c:\Users\Hp\.antigravity\extensions\redhat.java-1.54.0-win32-x64\jre\21.0.10-win32-x86_64\bin\java.exe
0x00007fff9f500000 - 0x00007fff9f766000 	C:\WINDOWS\SYSTEM32\ntdll.dll
0x00007fff9da90000 - 0x00007fff9db59000 	C:\WINDOWS\System32\KERNEL32.DLL
0x00007fff9cb90000 - 0x00007fff9cf8a000 	C:\WINDOWS\System32\KERNELBASE.dll
0x00007fff9c820000 - 0x00007fff9c96c000 	C:\WINDOWS\System32\ucrtbase.dll
0x00007fff79540000 - 0x00007fff7955e000 	c:\Users\Hp\.antigravity\extensions\redhat.java-1.54.0-win32-x64\jre\21.0.10-win32-x86_64\bin\VCRUNTIME140.dll
0x00007fff792a0000 - 0x00007fff792b8000 	c:\Users\Hp\.antigravity\extensions\redhat.java-1.54.0-win32-x64\jre\21.0.10-win32-x86_64\bin\jli.dll
0x00007fff9ed50000 - 0x00007fff9ef17000 	C:\WINDOWS\System32\USER32.dll
0x00007fff7d9e0000 - 0x00007fff7dc72000 	C:\WINDOWS\WinSxS\amd64_microsoft.windows.common-controls_6595b64144ccf1df_6.0.26100.8521_none_3e08b75ce33403b3\COMCTL32.dll
0x00007fff9ec40000 - 0x00007fff9ece9000 	C:\WINDOWS\System32\msvcrt.dll
0x00007fff9cf90000 - 0x00007fff9cfb7000 	C:\WINDOWS\System32\win32u.dll
0x00007fff9f140000 - 0x00007fff9f16b000 	C:\WINDOWS\System32\GDI32.dll
0x00007fff9cfc0000 - 0x00007fff9d0eb000 	C:\WINDOWS\System32\gdi32full.dll
0x00007fff9cae0000 - 0x00007fff9cb83000 	C:\WINDOWS\System32\msvcp_win.dll
0x00007fff9f320000 - 0x00007fff9f352000 	C:\WINDOWS\System32\IMM32.DLL
0x00007fff7c860000 - 0x00007fff7c86c000 	c:\Users\Hp\.antigravity\extensions\redhat.java-1.54.0-win32-x64\jre\21.0.10-win32-x86_64\bin\vcruntime140_1.dll
0x00007fff3b610000 - 0x00007fff3b69d000 	c:\Users\Hp\.antigravity\extensions\redhat.java-1.54.0-win32-x64\jre\21.0.10-win32-x86_64\bin\msvcp140.dll
0x00007fff08730000 - 0x00007fff094d1000 	c:\Users\Hp\.antigravity\extensions\redhat.java-1.54.0-win32-x64\jre\21.0.10-win32-x86_64\bin\server\jvm.dll
0x00007fff9dbf0000 - 0x00007fff9dca6000 	C:\WINDOWS\System32\ADVAPI32.dll
0x00007fff9dcb0000 - 0x00007fff9dd5a000 	C:\WINDOWS\System32\sechost.dll
0x00007fff9f200000 - 0x00007fff9f318000 	C:\WINDOWS\System32\RPCRT4.dll
0x00007fff9f170000 - 0x00007fff9f1f0000 	C:\WINDOWS\System32\WS2_32.dll
0x00007fff9c610000 - 0x00007fff9c66e000 	C:\WINDOWS\SYSTEM32\POWRPROF.dll
0x00007fff923c0000 - 0x00007fff923f6000 	C:\WINDOWS\SYSTEM32\WINMM.dll
0x00007fff92280000 - 0x00007fff9228b000 	C:\WINDOWS\SYSTEM32\VERSION.dll
0x00007fff9c5f0000 - 0x00007fff9c604000 	C:\WINDOWS\SYSTEM32\UMPDC.dll
0x00007fff9b4e0000 - 0x00007fff9b4fb000 	C:\WINDOWS\SYSTEM32\kernel.appcore.dll
0x00007fff7c7b0000 - 0x00007fff7c7ba000 	c:\Users\Hp\.antigravity\extensions\redhat.java-1.54.0-win32-x64\jre\21.0.10-win32-x86_64\bin\jimage.dll
0x00007fff99d90000 - 0x00007fff99fd2000 	C:\WINDOWS\SYSTEM32\DBGHELP.DLL
0x00007fff9dff0000 - 0x00007fff9e373000 	C:\WINDOWS\System32\combase.dll
0x00007fff9df10000 - 0x00007fff9dfe9000 	C:\WINDOWS\System32\OLEAUT32.dll
0x00007fff7b840000 - 0x00007fff7b87b000 	C:\WINDOWS\SYSTEM32\dbgcore.DLL
0x00007fff9ca30000 - 0x00007fff9cad8000 	C:\WINDOWS\System32\bcryptPrimitives.dll
0x00007fff7a950000 - 0x00007fff7a95f000 	c:\Users\Hp\.antigravity\extensions\redhat.java-1.54.0-win32-x64\jre\21.0.10-win32-x86_64\bin\instrument.dll
0x00007fff79030000 - 0x00007fff79050000 	c:\Users\Hp\.antigravity\extensions\redhat.java-1.54.0-win32-x64\jre\21.0.10-win32-x86_64\bin\java.dll
0x00007fff9e3a0000 - 0x00007fff9eb24000 	C:\WINDOWS\System32\SHELL32.dll
0x00007fff9a310000 - 0x00007fff9ab90000 	C:\WINDOWS\SYSTEM32\windows.storage.dll
0x00007fff9d2c0000 - 0x00007fff9d3b6000 	C:\WINDOWS\System32\SHCORE.dll
0x00007fff9ebd0000 - 0x00007fff9ec37000 	C:\WINDOWS\System32\shlwapi.dll
0x00007fff9c6b0000 - 0x00007fff9c6d9000 	C:\WINDOWS\SYSTEM32\profapi.dll
0x00007fff79000000 - 0x00007fff79018000 	c:\Users\Hp\.antigravity\extensions\redhat.java-1.54.0-win32-x64\jre\21.0.10-win32-x86_64\bin\zip.dll
0x00007fff7a450000 - 0x00007fff7a460000 	C:\Users\Hp\.antigravity\extensions\redhat.java-1.54.0-win32-x64\jre\21.0.10-win32-x86_64\bin\net.dll
0x00007fff95fd0000 - 0x00007fff960f9000 	C:\WINDOWS\SYSTEM32\WINHTTP.dll
0x00007fff9ba70000 - 0x00007fff9badc000 	C:\WINDOWS\system32\mswsock.dll
0x00007fff76cd0000 - 0x00007fff76ce6000 	C:\Users\Hp\.antigravity\extensions\redhat.java-1.54.0-win32-x64\jre\21.0.10-win32-x86_64\bin\nio.dll
0x00007fff79800000 - 0x00007fff79810000 	c:\Users\Hp\.antigravity\extensions\redhat.java-1.54.0-win32-x64\jre\21.0.10-win32-x86_64\bin\verify.dll
0x00007fff3b5c0000 - 0x00007fff3b605000 	C:\Users\Hp\AppData\Roaming\Antigravity\User\globalStorage\redhat.java\1.54.0\config_win\org.eclipse.equinox.launcher\org.eclipse.equinox.launcher.win32.win32.x86_64_1.3.0.v20260203-2149\eclipse_11919.dll
0x00007fff9dd60000 - 0x00007fff9def8000 	C:\WINDOWS\System32\ole32.dll
0x00007fff9bd70000 - 0x00007fff9bd8b000 	C:\WINDOWS\SYSTEM32\CRYPTSP.dll
0x00007fff9b440000 - 0x00007fff9b479000 	C:\WINDOWS\system32\rsaenh.dll
0x00007fff9bb20000 - 0x00007fff9bb53000 	C:\WINDOWS\SYSTEM32\USERENV.dll
0x00007fff9c680000 - 0x00007fff9c6aa000 	C:\WINDOWS\SYSTEM32\bcrypt.dll
0x00007fff9bd90000 - 0x00007fff9bd9c000 	C:\WINDOWS\SYSTEM32\CRYPTBASE.dll
0x00007fff9aec0000 - 0x00007fff9aef3000 	C:\WINDOWS\SYSTEM32\IPHLPAPI.DLL
0x00007fff9df00000 - 0x00007fff9df0a000 	C:\WINDOWS\System32\NSI.dll
0x00007fff2f100000 - 0x00007fff2f149000 	C:\Users\Hp\AppData\Local\Temp\jna-2344\jna7638417075140067796.dll
0x00007fff9f130000 - 0x00007fff9f138000 	C:\WINDOWS\System32\PSAPI.DLL
0x00007fff96670000 - 0x00007fff9668d000 	C:\WINDOWS\SYSTEM32\dhcpcsvc6.DLL
0x00007fff965c0000 - 0x00007fff965e5000 	C:\WINDOWS\SYSTEM32\dhcpcsvc.DLL

JVMTI agents:
c:\Users\Hp\.antigravity\extensions\redhat.java-1.54.0-win32-x64\lombok\lombok-1.18.39-4050.jar path:c:\Users\Hp\.antigravity\extensions\redhat.java-1.54.0-win32-x64\jre\21.0.10-win32-x86_64\bin\instrument.dll, loaded, initialized, instrumentlib options:none

dbghelp: loaded successfully - version: 4.0.5 - missing functions: none
symbol engine: initialized successfully - sym options: 0x614 - pdb path: .;c:\Users\Hp\.antigravity\extensions\redhat.java-1.54.0-win32-x64\jre\21.0.10-win32-x86_64\bin;C:\WINDOWS\SYSTEM32;C:\WINDOWS\WinSxS\amd64_microsoft.windows.common-controls_6595b64144ccf1df_6.0.26100.8521_none_3e08b75ce33403b3;c:\Users\Hp\.antigravity\extensions\redhat.java-1.54.0-win32-x64\jre\21.0.10-win32-x86_64\bin\server;C:\Users\Hp\AppData\Roaming\Antigravity\User\globalStorage\redhat.java\1.54.0\config_win\org.eclipse.equinox.launcher\org.eclipse.equinox.launcher.win32.win32.x86_64_1.3.0.v20260203-2149;C:\Users\Hp\AppData\Local\Temp\jna-2344

VM Arguments:
jvm_args: --add-modules=ALL-SYSTEM --add-opens=java.base/java.util=ALL-UNNAMED --add-opens=java.base/java.lang=ALL-UNNAMED --add-opens=java.base/sun.nio.fs=ALL-UNNAMED -Declipse.application=org.eclipse.jdt.ls.core.id1 -Dosgi.bundles.defaultStartLevel=4 -Declipse.product=org.eclipse.jdt.ls.core.product -Djava.import.generatesMetadataFilesAtProjectRoot=false -DDetectVMInstallationsJob.disabled=true -Dfile.encoding=utf8 -XX:+UseParallelGC -XX:GCTimeRatio=4 -XX:AdaptiveSizePolicyWeight=90 -Dsun.zip.disableMemoryMapping=true -Xmx2G -Xms100m -Xlog:disable -javaagent:c:\Users\Hp\.antigravity\extensions\redhat.java-1.54.0-win32-x64\lombok\lombok-1.18.39-4050.jar -XX:+HeapDumpOnOutOfMemoryError -XX:HeapDumpPath=c:\Users\Hp\AppData\Roaming\Antigravity\User\workspaceStorage\756a811f4bf5c602889ab1f02bad5bb1\redhat.java -Daether.dependencyCollector.impl=bf 
java_command: c:\Users\Hp\.antigravity\extensions\redhat.java-1.54.0-win32-x64\server\plugins\org.eclipse.equinox.launcher_1.7.100.v20251111-0406.jar -configuration c:\Users\Hp\AppData\Roaming\Antigravity\User\globalStorage\redhat.java\1.54.0\config_win -data c:\Users\Hp\AppData\Roaming\Antigravity\User\workspaceStorage\756a811f4bf5c602889ab1f02bad5bb1\redhat.java\jdt_ws --pipe=\\.\pipe\lsp-a587469820f87a9aceae08b1791eeb05-sock
java_class_path (initial): c:\Users\Hp\.antigravity\extensions\redhat.java-1.54.0-win32-x64\server\plugins\org.eclipse.equinox.launcher_1.7.100.v20251111-0406.jar
Launcher Type: SUN_STANDARD

[Global flags]
    uintx AdaptiveSizePolicyWeight                 = 90                                        {product} {command line}
     intx CICompilerCount                          = 4                                         {product} {ergonomic}
    uintx GCTimeRatio                              = 4                                         {product} {command line}
     bool HeapDumpOnOutOfMemoryError               = true                                   {manageable} {command line}
    ccstr HeapDumpPath                             = c:\Users\Hp\AppData\Roaming\Antigravity\User\workspaceStorage\756a811f4bf5c602889ab1f02bad5bb1\redhat.java         {manageable} {command line}
   size_t InitialHeapSize                          = 104857600                                 {product} {command line}
   size_t MaxHeapSize                              = 2147483648                                {product} {command line}
   size_t MaxNewSize                               = 715653120                                 {product} {ergonomic}
   size_t MinHeapDeltaBytes                        = 524288                                    {product} {ergonomic}
   size_t MinHeapSize                              = 104857600                                 {product} {command line}
   size_t NewSize                                  = 34603008                                  {product} {ergonomic}
    uintx NonNMethodCodeHeapSize                   = 5839372                                {pd product} {ergonomic}
    uintx NonProfiledCodeHeapSize                  = 122909434                              {pd product} {ergonomic}
   size_t OldSize                                  = 70254592                                  {product} {ergonomic}
    uintx ProfiledCodeHeapSize                     = 122909434                              {pd product} {ergonomic}
    uintx ReservedCodeCacheSize                    = 251658240                              {pd product} {ergonomic}
     bool SegmentedCodeCache                       = true                                      {product} {ergonomic}
   size_t SoftMaxHeapSize                          = 2147483648                             {manageable} {ergonomic}
     bool UseCompressedOops                        = true                           {product lp64_product} {ergonomic}
     bool UseLargePagesIndividualAllocation        = false                                  {pd product} {ergonomic}
     bool UseParallelGC                            = true                                      {product} {command line}

Logging:
Log output configuration:
 #0: stdout all=off uptime,level,tags foldmultilines=false
 #1: stderr all=off uptime,level,tags foldmultilines=false

Release file:
JAVA_VERSION="21.0.10" 
MODULES="java.base java.compiler java.datatransfer java.xml java.prefs java.desktop java.instrument java.logging java.management java.security.sasl java.naming java.rmi java.management.rmi java.net.http java.scripting java.security.jgss java.transaction.xa java.sql java.sql.rowset java.xml.crypto java.se java.smartcardio jdk.accessibility jdk.internal.jvmstat jdk.attach jdk.charsets jdk.internal.opt jdk.zipfs jdk.compiler jdk.crypto.ec jdk.crypto.cryptoki jdk.crypto.mscapi jdk.dynalink jdk.internal.ed jdk.editpad jdk.hotspot.agent jdk.httpserver jdk.internal.le jdk.internal.vm.ci jdk.internal.vm.compiler jdk.internal.vm.compiler.management jdk.jartool jdk.javadoc jdk.jcmd jdk.management jdk.management.agent jdk.jconsole jdk.jdeps jdk.jdwp.agent jdk.jdi jdk.jfr jdk.jshell jdk.jsobject jdk.jstatd jdk.localedata jdk.management.jfr jdk.naming.dns jdk.naming.rmi jdk.net jdk.nio.mapmode jdk.random jdk.sctp jdk.security.auth jdk.security.jgss jdk.unsupported jdk.unsupported.desktop jdk.xml.dom" 

Environment Variables:
PATH=C:\Python313\Scripts\;C:\Python313\;C:\Program Files\Python312\Scripts\;C:\Program Files\Python312\;C:\Program Files\Common Files\Oracle\Java\javapath;C:\WINDOWS\system32;C:\WINDOWS;C:\WINDOWS\System32\Wbem;C:\WINDOWS\System32\WindowsPowerShell\v1.0\;C:\WINDOWS\System32\OpenSSH\;C:\Program Files\Java\jdk-21\bin;D:\Git\cmd;C:\Program Files\MySQL\MySQL Server 8.0\bin;C:\Program Files\MongoDB\Server\8.0\bin;C:\ProgramData\chocolatey\bin;C:\Program Files\nodejs\;E:\cursor\resources\app\bin;C:\Program Files\Docker\Docker\resources\bin;E:\bin\;E:\tools\;C:\SUMO\bin;E:\bin;C:\ffmpeg\bin;E:\Anaconda;E:\Anaconda\Library\mingw-w64\bin;E:\Anaconda\Library\usr\bin;E:\Anaconda\Library\bin;E:\Anaconda\Scripts;C:\Program Files\MySQL\MySQL Shell 8.0\bin\;C:\Users\Hp\AppData\Local\Microsoft\WindowsApps;C:\MinGW\bin;C:\Users\Hp\AppData\Local\Programs\Microsoft VS Code\bin;C:\Program Files\JetBrains\IntelliJ IDEA 2024.3.2\bin;;C:\Program Files\JetBrains\IntelliJ IDEA Community Edition 2024.3.2\bin;;D:\MONGOsh\;C:\Users\Hp\AppData\Roaming\npm;E:\Antigravity\bin;C:\Users\Hp\AppData\Local\Microsoft\WinGet\Packages\Gyan.FFmpeg_Microsoft.Winget.Source_8wekyb3d8bbwe\ffmpeg-8.1-full_build\bin;C:\Users\Hp\AppData\Local\Programs\Antigravity IDE\bin
USERNAME=Hp
OS=Windows_NT
PROCESSOR_IDENTIFIER=Intel64 Family 6 Model 140 Stepping 2, GenuineIntel
TMP=C:\Users\Hp\AppData\Local\Temp
TEMP=C:\Users\Hp\AppData\Local\Temp




Periodic native trim disabled

---------------  S Y S T E M  ---------------

OS:
 Windows 11 , 64 bit Build 26100 (10.0.26100.8521)
OS uptime: 2 days 6:13 hours
Hyper-V role detected

CPU: total 8 (initial active 8) (4 cores per cpu, 2 threads per core) family 6 model 140 stepping 2 microcode 0x34, cx8, cmov, fxsr, ht, mmx, 3dnowpref, sse, sse2, sse3, ssse3, sse4.1, sse4.2, popcnt, lzcnt, tsc, tscinvbit, avx, avx2, aes, erms, clmul, bmi1, bmi2, adx, avx512f, avx512dq, avx512cd, avx512bw, avx512vl, sha, fma, vzeroupper, avx512_vpopcntdq, avx512_vpclmulqdq, avx512_vaes, avx512_vnni, clflush, clflushopt, clwb, avx512_vbmi2, avx512_vbmi, hv, rdtscp, rdpid, fsrm, gfni, avx512_bitalg, f16c, cet_ibt, cet_ss, avx512_ifma
Processor Information for processor 0
  Max Mhz: 2496, Current Mhz: 1497, Mhz Limit: 2496
Processor Information for processor 1
  Max Mhz: 2496, Current Mhz: 1497, Mhz Limit: 2496
Processor Information for processor 2
  Max Mhz: 2496, Current Mhz: 1497, Mhz Limit: 2496
Processor Information for processor 3
  Max Mhz: 2496, Current Mhz: 2496, Mhz Limit: 2496
Processor Information for processor 4
  Max Mhz: 2496, Current Mhz: 1497, Mhz Limit: 2496
Processor Information for processor 5
  Max Mhz: 2496, Current Mhz: 1497, Mhz Limit: 2496
Processor Information for processor 6
  Max Mhz: 2496, Current Mhz: 2496, Mhz Limit: 2496
Processor Information for processor 7
  Max Mhz: 2496, Current Mhz: 1497, Mhz Limit: 2496

Memory: 4k page, system-wide physical 7834M (641M free)
TotalPageFile size 18948M (AvailPageFile size 1M)
current process WorkingSet (physical memory assigned to process): 618M, peak: 653M
current process commit charge ("private bytes"): 960M, peak: 960M

vm_info: OpenJDK 64-Bit Server VM (21.0.10+7-LTS) for windows-amd64 JRE (21.0.10+7-LTS), built on 2026-01-20T00:00:00Z by "admin" with MS VC++ 17.12 (VS2022)

END.
