#
# There is insufficient memory for the Java Runtime Environment to continue.
# Native memory allocation (malloc) failed to allocate 65552 bytes. Error detail: Chunk::new
# Possible reasons:
#   The system is out of physical RAM or swap space
#   This process is running with CompressedOops enabled, and the Java Heap may be blocking the growth of the native heap
# Possible solutions:
#   Reduce memory load on the system
#   Increase physical memory or swap space
#   Check if swap backing store is full
#   Decrease Java heap size (-Xmx/-Xms)
#   Decrease number of Java threads
#   Decrease Java thread stack sizes (-Xss)
#   Set larger code cache with -XX:ReservedCodeCacheSize=
#   JVM is running with Unscaled Compressed Oops mode in which the Java heap is
#     placed in the first 4GB address space. The Java Heap base address is the
#     maximum limit for the native heap growth. Please use -XX:HeapBaseMinAddress
#     to set the Java Heap base and to place the Java Heap above 4GB virtual address.
# This output file may be truncated or incomplete.
#
#  Out of Memory Error (arena.cpp:168), pid=17140, tid=22636
#
# JRE version: OpenJDK Runtime Environment Temurin-21.0.11+10 (21.0.11+10) (build 21.0.11+10-LTS)
# Java VM: OpenJDK 64-Bit Server VM Temurin-21.0.11+10 (21.0.11+10-LTS, mixed mode, sharing, tiered, compressed oops, compressed class ptrs, g1 gc, windows-amd64)
# No core dump will be written. Minidumps are not enabled by default on client versions of Windows
#

---------------  S U M M A R Y ------------

Command Line: -XX:+ShowCodeDetailsInExceptionMessages MoneymanagerApplication

Host: 11th Gen Intel(R) Core(TM) i5-1155G7 @ 2.50GHz, 8 cores, 7G,  Windows 11 , 64 bit Build 26100 (10.0.26100.8521)
Time: Wed Jul  8 18:50:58 2026 India Standard Time elapsed time: 2.736050 seconds (0d 0h 0m 2s)

---------------  T H R E A D  ---------------

Current thread (0x000002af7ed7e950):  JavaThread "C2 CompilerThread0" daemon [_thread_in_native, id=22636, stack(0x000000bed2700000,0x000000bed2800000) (1024K)]


Current CompileTask:
C2:2736 3146       4       org.springframework.beans.factory.support.AbstractBeanFactory::isTypeMatch (619 bytes)

Stack: [0x000000bed2700000,0x000000bed2800000]
Native frames: (J=compiled Java code, j=interpreted, Vv=VM code, C=native code)
V  [jvm.dll+0x6d7e19]
V  [jvm.dll+0x8b5096]
V  [jvm.dll+0x8b764e]
V  [jvm.dll+0x8b7d33]
V  [jvm.dll+0x284596]
V  [jvm.dll+0xc685d]
V  [jvm.dll+0xc6da1]
V  [jvm.dll+0xc6985]
V  [jvm.dll+0x6b2edc]
V  [jvm.dll+0x60cd1e]
V  [jvm.dll+0x6132b5]
V  [jvm.dll+0x5f7f04]
V  [jvm.dll+0x5f7d7d]
V  [jvm.dll+0x5f7de0]
V  [jvm.dll+0x5f7de0]
V  [jvm.dll+0x5f7de0]
V  [jvm.dll+0x5f7de0]
V  [jvm.dll+0x5f7de0]
V  [jvm.dll+0x5f7de0]
V  [jvm.dll+0x5f7de0]
V  [jvm.dll+0x5ff162]
V  [jvm.dll+0x255d67]
V  [jvm.dll+0x24e3bf]
V  [jvm.dll+0x24bbe6]
V  [jvm.dll+0x1cb4ae]
V  [jvm.dll+0x25baad]
V  [jvm.dll+0x25a03a]
V  [jvm.dll+0x3f868e]
V  [jvm.dll+0x85fb0d]
V  [jvm.dll+0x6d664d]
C  [ucrtbase.dll+0x2cd30]
C  [KERNEL32.DLL+0x2e957]
C  [ntdll.dll+0x87c1c]


---------------  P R O C E S S  ---------------

Threads class SMR info:
_java_thread_list=0x000002af549550e0, length=13, elements={
0x000002af76771730, 0x000002af7ed72090, 0x000002af7ed74710, 0x000002af7ed79650,
0x000002af7ed7a580, 0x000002af7ed7afe0, 0x000002af7ed7ba40, 0x000002af7ed7e950,
0x000002af7ed89bc0, 0x000002af7eee7430, 0x000002af7eeee240, 0x000002af7ef6f990,
0x000002af55e88fa0
}

Java Threads: ( => current thread )
  0x000002af76771730 JavaThread "main"                              [_thread_in_Java, id=21408, stack(0x000000bed1900000,0x000000bed1a00000) (1024K)]
  0x000002af7ed72090 JavaThread "Reference Handler"          daemon [_thread_blocked, id=2980, stack(0x000000bed2100000,0x000000bed2200000) (1024K)]
  0x000002af7ed74710 JavaThread "Finalizer"                  daemon [_thread_blocked, id=8916, stack(0x000000bed2200000,0x000000bed2300000) (1024K)]
  0x000002af7ed79650 JavaThread "Signal Dispatcher"          daemon [_thread_blocked, id=22260, stack(0x000000bed2300000,0x000000bed2400000) (1024K)]
  0x000002af7ed7a580 JavaThread "Attach Listener"            daemon [_thread_blocked, id=20668, stack(0x000000bed2400000,0x000000bed2500000) (1024K)]
  0x000002af7ed7afe0 JavaThread "Service Thread"             daemon [_thread_blocked, id=13968, stack(0x000000bed2500000,0x000000bed2600000) (1024K)]
  0x000002af7ed7ba40 JavaThread "Monitor Deflation Thread"   daemon [_thread_blocked, id=12940, stack(0x000000bed2600000,0x000000bed2700000) (1024K)]
=>0x000002af7ed7e950 JavaThread "C2 CompilerThread0"         daemon [_thread_in_native, id=22636, stack(0x000000bed2700000,0x000000bed2800000) (1024K)]
  0x000002af7ed89bc0 JavaThread "C1 CompilerThread0"         daemon [_thread_blocked, id=8080, stack(0x000000bed2800000,0x000000bed2900000) (1024K)]
  0x000002af7eee7430 JavaThread "Notification Thread"        daemon [_thread_blocked, id=16048, stack(0x000000bed2900000,0x000000bed2a00000) (1024K)]
  0x000002af7eeee240 JavaThread "Common-Cleaner"             daemon [_thread_blocked, id=10244, stack(0x000000bed2a00000,0x000000bed2b00000) (1024K)]
  0x000002af7ef6f990 JavaThread "C2 CompilerThread1"         daemon [_thread_in_native, id=23336, stack(0x000000bed2b00000,0x000000bed2c00000) (1024K)]
  0x000002af55e88fa0 JavaThread "C2 CompilerThread2"         daemon [_thread_in_native, id=20680, stack(0x000000bed3100000,0x000000bed3200000) (1024K)]
Total: 13

Other Threads:
  0x000002af7e9131c0 VMThread "VM Thread"                           [id=22516, stack(0x000000bed2000000,0x000000bed2100000) (1024K)]
  0x000002af7e902840 WatcherThread "VM Periodic Task Thread"        [id=12056, stack(0x000000bed1f00000,0x000000bed2000000) (1024K)]
  0x000002af767cba30 WorkerThread "GC Thread#0"                     [id=9720, stack(0x000000bed1a00000,0x000000bed1b00000) (1024K)]
  0x000002af540b35c0 WorkerThread "GC Thread#1"                     [id=2484, stack(0x000000bed2c00000,0x000000bed2d00000) (1024K)]
  0x000002af541861a0 WorkerThread "GC Thread#2"                     [id=13860, stack(0x000000bed2d00000,0x000000bed2e00000) (1024K)]
  0x000002af5418a560 WorkerThread "GC Thread#3"                     [id=21416, stack(0x000000bed2e00000,0x000000bed2f00000) (1024K)]
  0x000002af5418a910 WorkerThread "GC Thread#4"                     [id=14804, stack(0x000000bed2f00000,0x000000bed3000000) (1024K)]
  0x000002af5418acc0 WorkerThread "GC Thread#5"                     [id=3964, stack(0x000000bed3000000,0x000000bed3100000) (1024K)]
  0x000002af5461bdc0 WorkerThread "GC Thread#6"                     [id=5492, stack(0x000000bed3200000,0x000000bed3300000) (1024K)]
  0x000002af5461c170 WorkerThread "GC Thread#7"                     [id=11872, stack(0x000000bed3300000,0x000000bed3400000) (1024K)]
  0x000002af767dbe30 ConcurrentGCThread "G1 Main Marker"            [id=11016, stack(0x000000bed1b00000,0x000000bed1c00000) (1024K)]
  0x000002af767dd6d0 WorkerThread "G1 Conc#0"                       [id=6148, stack(0x000000bed1c00000,0x000000bed1d00000) (1024K)]
  0x000002af7e7bd450 ConcurrentGCThread "G1 Refine#0"               [id=17216, stack(0x000000bed1d00000,0x000000bed1e00000) (1024K)]
  0x000002af7e7c0160 ConcurrentGCThread "G1 Service"                [id=22356, stack(0x000000bed1e00000,0x000000bed1f00000) (1024K)]
Total: 14

Threads with active compile tasks:
C2 CompilerThread0  2769 3146       4       org.springframework.beans.factory.support.AbstractBeanFactory::isTypeMatch (619 bytes)
C2 CompilerThread1  2769 2902   !   4       jdk.internal.loader.BuiltinClassLoader::loadClassOrNull (143 bytes)
C2 CompilerThread2  2769 3175       4       org.springframework.beans.factory.support.DefaultListableBeanFactory::requiresEagerInitForType (26 bytes)
Total: 3

VM state: not at safepoint (normal execution)

VM Mutex/Monitor currently owned by a thread: None

Heap address: 0x0000000085800000, size: 1960 MB, Compressed Oops mode: 32-bit

CDS archive(s) mapped at: [0x000002af0f000000-0x000002af0fba0000-0x000002af0fba0000), size 12189696, SharedBaseAddress: 0x000002af0f000000, ArchiveRelocationMode: 1.
Compressed class space mapped at: 0x000002af10000000-0x000002af50000000, reserved size: 1073741824
Narrow klass base: 0x000002af0f000000, Narrow klass shift: 0, Narrow klass range: 0x100000000

GC Precious Log:
 CardTable entry size: 512
 Card Set container configuration: InlinePtr #cards 5 size 8 Array Of Cards #cards 12 size 40 Howl #buckets 4 coarsen threshold 1843 Howl Bitmap #cards 512 size 80 coarsen threshold 460 Card regions per heap region 1 cards per card region 2048
 CPUs: 8 total, 8 available
 Memory: 7834M
 Large Page Support: Disabled
 NUMA Support: Disabled
 Compressed Oops: Enabled (32-bit)
 Heap Region Size: 1M
 Heap Min Capacity: 8M
 Heap Initial Capacity: 124M
 Heap Max Capacity: 1960M
 Pre-touch: Disabled
 Parallel Workers: 8
 Concurrent Workers: 2
 Concurrent Refinement Workers: 8
 Periodic GC: Disabled

Heap:
 garbage-first heap   total 126976K, used 57360K [0x0000000085800000, 0x0000000100000000)
  region size 1024K, 50 young (51200K), 3 survivors (3072K)
 Metaspace       used 21129K, committed 21440K, reserved 1114112K
  class space    used 2616K, committed 2752K, reserved 1048576K

Heap Regions: E=young(eden), S=young(survivor), O=old, HS=humongous(starts), HC=humongous(continues), CS=collection set, F=free, TAMS=top-at-mark-start, PB=parsable bottom
|   0|0x0000000085800000, 0x0000000085900000, 0x0000000085900000|100%|HS|  |TAMS 0x0000000085800000| PB 0x0000000085800000| Complete 
|   1|0x0000000085900000, 0x0000000085a00000, 0x0000000085a00000|100%| O|  |TAMS 0x0000000085900000| PB 0x0000000085900000| Untracked 
|   2|0x0000000085a00000, 0x0000000085b00000, 0x0000000085b00000|100%| O|  |TAMS 0x0000000085a00000| PB 0x0000000085a00000| Untracked 
|   3|0x0000000085b00000, 0x0000000085c00000, 0x0000000085c00000|100%| O|  |TAMS 0x0000000085b00000| PB 0x0000000085b00000| Untracked 
|   4|0x0000000085c00000, 0x0000000085d00000, 0x0000000085d00000|100%| O|  |TAMS 0x0000000085c00000| PB 0x0000000085c00000| Untracked 
|   5|0x0000000085d00000, 0x0000000085e00000, 0x0000000085e00000|100%| O|  |TAMS 0x0000000085d00000| PB 0x0000000085d00000| Untracked 
|   6|0x0000000085e00000, 0x0000000085f00000, 0x0000000085f00000|100%| O|  |TAMS 0x0000000085e00000| PB 0x0000000085e00000| Untracked 
|   7|0x0000000085f00000, 0x0000000086000000, 0x0000000086000000|100%| O|  |TAMS 0x0000000085f00000| PB 0x0000000085f00000| Untracked 
|   8|0x0000000086000000, 0x00000000860bbcb8, 0x0000000086100000| 73%| O|  |TAMS 0x0000000086000000| PB 0x0000000086000000| Untracked 
|   9|0x0000000086100000, 0x0000000086100000, 0x0000000086200000|  0%| F|  |TAMS 0x0000000086100000| PB 0x0000000086100000| Untracked 
|  10|0x0000000086200000, 0x0000000086200000, 0x0000000086300000|  0%| F|  |TAMS 0x0000000086200000| PB 0x0000000086200000| Untracked 
|  11|0x0000000086300000, 0x0000000086300000, 0x0000000086400000|  0%| F|  |TAMS 0x0000000086300000| PB 0x0000000086300000| Untracked 
|  12|0x0000000086400000, 0x0000000086400000, 0x0000000086500000|  0%| F|  |TAMS 0x0000000086400000| PB 0x0000000086400000| Untracked 
|  13|0x0000000086500000, 0x0000000086500000, 0x0000000086600000|  0%| F|  |TAMS 0x0000000086500000| PB 0x0000000086500000| Untracked 
|  14|0x0000000086600000, 0x0000000086600000, 0x0000000086700000|  0%| F|  |TAMS 0x0000000086600000| PB 0x0000000086600000| Untracked 
|  15|0x0000000086700000, 0x0000000086700000, 0x0000000086800000|  0%| F|  |TAMS 0x0000000086700000| PB 0x0000000086700000| Untracked 
|  16|0x0000000086800000, 0x0000000086800000, 0x0000000086900000|  0%| F|  |TAMS 0x0000000086800000| PB 0x0000000086800000| Untracked 
|  17|0x0000000086900000, 0x0000000086900000, 0x0000000086a00000|  0%| F|  |TAMS 0x0000000086900000| PB 0x0000000086900000| Untracked 
|  18|0x0000000086a00000, 0x0000000086a00000, 0x0000000086b00000|  0%| F|  |TAMS 0x0000000086a00000| PB 0x0000000086a00000| Untracked 
|  19|0x0000000086b00000, 0x0000000086b00000, 0x0000000086c00000|  0%| F|  |TAMS 0x0000000086b00000| PB 0x0000000086b00000| Untracked 
|  20|0x0000000086c00000, 0x0000000086c00000, 0x0000000086d00000|  0%| F|  |TAMS 0x0000000086c00000| PB 0x0000000086c00000| Untracked 
|  21|0x0000000086d00000, 0x0000000086d00000, 0x0000000086e00000|  0%| F|  |TAMS 0x0000000086d00000| PB 0x0000000086d00000| Untracked 
|  22|0x0000000086e00000, 0x0000000086e00000, 0x0000000086f00000|  0%| F|  |TAMS 0x0000000086e00000| PB 0x0000000086e00000| Untracked 
|  23|0x0000000086f00000, 0x0000000086f00000, 0x0000000087000000|  0%| F|  |TAMS 0x0000000086f00000| PB 0x0000000086f00000| Untracked 
|  24|0x0000000087000000, 0x0000000087000000, 0x0000000087100000|  0%| F|  |TAMS 0x0000000087000000| PB 0x0000000087000000| Untracked 
|  25|0x0000000087100000, 0x0000000087100000, 0x0000000087200000|  0%| F|  |TAMS 0x0000000087100000| PB 0x0000000087100000| Untracked 
|  26|0x0000000087200000, 0x0000000087200000, 0x0000000087300000|  0%| F|  |TAMS 0x0000000087200000| PB 0x0000000087200000| Untracked 
|  27|0x0000000087300000, 0x0000000087300000, 0x0000000087400000|  0%| F|  |TAMS 0x0000000087300000| PB 0x0000000087300000| Untracked 
|  28|0x0000000087400000, 0x0000000087400000, 0x0000000087500000|  0%| F|  |TAMS 0x0000000087400000| PB 0x0000000087400000| Untracked 
|  29|0x0000000087500000, 0x0000000087500000, 0x0000000087600000|  0%| F|  |TAMS 0x0000000087500000| PB 0x0000000087500000| Untracked 
|  30|0x0000000087600000, 0x0000000087600000, 0x0000000087700000|  0%| F|  |TAMS 0x0000000087600000| PB 0x0000000087600000| Untracked 
|  31|0x0000000087700000, 0x0000000087700000, 0x0000000087800000|  0%| F|  |TAMS 0x0000000087700000| PB 0x0000000087700000| Untracked 
|  32|0x0000000087800000, 0x0000000087800000, 0x0000000087900000|  0%| F|  |TAMS 0x0000000087800000| PB 0x0000000087800000| Untracked 
|  33|0x0000000087900000, 0x0000000087900000, 0x0000000087a00000|  0%| F|  |TAMS 0x0000000087900000| PB 0x0000000087900000| Untracked 
|  34|0x0000000087a00000, 0x0000000087a00000, 0x0000000087b00000|  0%| F|  |TAMS 0x0000000087a00000| PB 0x0000000087a00000| Untracked 
|  35|0x0000000087b00000, 0x0000000087b00000, 0x0000000087c00000|  0%| F|  |TAMS 0x0000000087b00000| PB 0x0000000087b00000| Untracked 
|  36|0x0000000087c00000, 0x0000000087c00000, 0x0000000087d00000|  0%| F|  |TAMS 0x0000000087c00000| PB 0x0000000087c00000| Untracked 
|  37|0x0000000087d00000, 0x0000000087d00000, 0x0000000087e00000|  0%| F|  |TAMS 0x0000000087d00000| PB 0x0000000087d00000| Untracked 
|  38|0x0000000087e00000, 0x0000000087e00000, 0x0000000087f00000|  0%| F|  |TAMS 0x0000000087e00000| PB 0x0000000087e00000| Untracked 
|  39|0x0000000087f00000, 0x0000000087f00000, 0x0000000088000000|  0%| F|  |TAMS 0x0000000087f00000| PB 0x0000000087f00000| Untracked 
|  40|0x0000000088000000, 0x0000000088000000, 0x0000000088100000|  0%| F|  |TAMS 0x0000000088000000| PB 0x0000000088000000| Untracked 
|  41|0x0000000088100000, 0x0000000088100000, 0x0000000088200000|  0%| F|  |TAMS 0x0000000088100000| PB 0x0000000088100000| Untracked 
|  42|0x0000000088200000, 0x0000000088200000, 0x0000000088300000|  0%| F|  |TAMS 0x0000000088200000| PB 0x0000000088200000| Untracked 
|  43|0x0000000088300000, 0x0000000088300000, 0x0000000088400000|  0%| F|  |TAMS 0x0000000088300000| PB 0x0000000088300000| Untracked 
|  44|0x0000000088400000, 0x0000000088400000, 0x0000000088500000|  0%| F|  |TAMS 0x0000000088400000| PB 0x0000000088400000| Untracked 
|  45|0x0000000088500000, 0x0000000088500000, 0x0000000088600000|  0%| F|  |TAMS 0x0000000088500000| PB 0x0000000088500000| Untracked 
|  46|0x0000000088600000, 0x0000000088600000, 0x0000000088700000|  0%| F|  |TAMS 0x0000000088600000| PB 0x0000000088600000| Untracked 
|  47|0x0000000088700000, 0x0000000088700000, 0x0000000088800000|  0%| F|  |TAMS 0x0000000088700000| PB 0x0000000088700000| Untracked 
|  48|0x0000000088800000, 0x0000000088800000, 0x0000000088900000|  0%| F|  |TAMS 0x0000000088800000| PB 0x0000000088800000| Untracked 
|  49|0x0000000088900000, 0x0000000088900000, 0x0000000088a00000|  0%| F|  |TAMS 0x0000000088900000| PB 0x0000000088900000| Untracked 
|  50|0x0000000088a00000, 0x0000000088a00000, 0x0000000088b00000|  0%| F|  |TAMS 0x0000000088a00000| PB 0x0000000088a00000| Untracked 
|  51|0x0000000088b00000, 0x0000000088b00000, 0x0000000088c00000|  0%| F|  |TAMS 0x0000000088b00000| PB 0x0000000088b00000| Untracked 
|  52|0x0000000088c00000, 0x0000000088c00000, 0x0000000088d00000|  0%| F|  |TAMS 0x0000000088c00000| PB 0x0000000088c00000| Untracked 
|  53|0x0000000088d00000, 0x0000000088d00000, 0x0000000088e00000|  0%| F|  |TAMS 0x0000000088d00000| PB 0x0000000088d00000| Untracked 
|  54|0x0000000088e00000, 0x0000000088e00000, 0x0000000088f00000|  0%| F|  |TAMS 0x0000000088e00000| PB 0x0000000088e00000| Untracked 
|  55|0x0000000088f00000, 0x0000000088f00000, 0x0000000089000000|  0%| F|  |TAMS 0x0000000088f00000| PB 0x0000000088f00000| Untracked 
|  56|0x0000000089000000, 0x0000000089000000, 0x0000000089100000|  0%| F|  |TAMS 0x0000000089000000| PB 0x0000000089000000| Untracked 
|  57|0x0000000089100000, 0x0000000089100000, 0x0000000089200000|  0%| F|  |TAMS 0x0000000089100000| PB 0x0000000089100000| Untracked 
|  58|0x0000000089200000, 0x0000000089200000, 0x0000000089300000|  0%| F|  |TAMS 0x0000000089200000| PB 0x0000000089200000| Untracked 
|  59|0x0000000089300000, 0x0000000089300000, 0x0000000089400000|  0%| F|  |TAMS 0x0000000089300000| PB 0x0000000089300000| Untracked 
|  60|0x0000000089400000, 0x0000000089400000, 0x0000000089500000|  0%| F|  |TAMS 0x0000000089400000| PB 0x0000000089400000| Untracked 
|  61|0x0000000089500000, 0x0000000089500000, 0x0000000089600000|  0%| F|  |TAMS 0x0000000089500000| PB 0x0000000089500000| Untracked 
|  62|0x0000000089600000, 0x0000000089600000, 0x0000000089700000|  0%| F|  |TAMS 0x0000000089600000| PB 0x0000000089600000| Untracked 
|  63|0x0000000089700000, 0x0000000089700000, 0x0000000089800000|  0%| F|  |TAMS 0x0000000089700000| PB 0x0000000089700000| Untracked 
|  64|0x0000000089800000, 0x0000000089800000, 0x0000000089900000|  0%| F|  |TAMS 0x0000000089800000| PB 0x0000000089800000| Untracked 
|  65|0x0000000089900000, 0x0000000089900000, 0x0000000089a00000|  0%| F|  |TAMS 0x0000000089900000| PB 0x0000000089900000| Untracked 
|  66|0x0000000089a00000, 0x0000000089a00000, 0x0000000089b00000|  0%| F|  |TAMS 0x0000000089a00000| PB 0x0000000089a00000| Untracked 
|  67|0x0000000089b00000, 0x0000000089b00000, 0x0000000089c00000|  0%| F|  |TAMS 0x0000000089b00000| PB 0x0000000089b00000| Untracked 
|  68|0x0000000089c00000, 0x0000000089c00000, 0x0000000089d00000|  0%| F|  |TAMS 0x0000000089c00000| PB 0x0000000089c00000| Untracked 
|  69|0x0000000089d00000, 0x0000000089d00000, 0x0000000089e00000|  0%| F|  |TAMS 0x0000000089d00000| PB 0x0000000089d00000| Untracked 
|  70|0x0000000089e00000, 0x0000000089e00000, 0x0000000089f00000|  0%| F|  |TAMS 0x0000000089e00000| PB 0x0000000089e00000| Untracked 
|  71|0x0000000089f00000, 0x0000000089f00000, 0x000000008a000000|  0%| F|  |TAMS 0x0000000089f00000| PB 0x0000000089f00000| Untracked 
|  72|0x000000008a000000, 0x000000008a000000, 0x000000008a100000|  0%| F|  |TAMS 0x000000008a000000| PB 0x000000008a000000| Untracked 
|  73|0x000000008a100000, 0x000000008a100000, 0x000000008a200000|  0%| F|  |TAMS 0x000000008a100000| PB 0x000000008a100000| Untracked 
|  74|0x000000008a200000, 0x000000008a2db808, 0x000000008a300000| 85%| E|  |TAMS 0x000000008a200000| PB 0x000000008a200000| Complete 
|  75|0x000000008a300000, 0x000000008a400000, 0x000000008a400000|100%| E|CS|TAMS 0x000000008a300000| PB 0x000000008a300000| Complete 
|  76|0x000000008a400000, 0x000000008a500000, 0x000000008a500000|100%| E|CS|TAMS 0x000000008a400000| PB 0x000000008a400000| Complete 
|  77|0x000000008a500000, 0x000000008a600000, 0x000000008a600000|100%| E|CS|TAMS 0x000000008a500000| PB 0x000000008a500000| Complete 
|  78|0x000000008a600000, 0x000000008a700000, 0x000000008a700000|100%| E|CS|TAMS 0x000000008a600000| PB 0x000000008a600000| Complete 
|  79|0x000000008a700000, 0x000000008a800000, 0x000000008a800000|100%| E|CS|TAMS 0x000000008a700000| PB 0x000000008a700000| Complete 
|  80|0x000000008a800000, 0x000000008a900000, 0x000000008a900000|100%| E|CS|TAMS 0x000000008a800000| PB 0x000000008a800000| Complete 
|  81|0x000000008a900000, 0x000000008aa00000, 0x000000008aa00000|100%| E|CS|TAMS 0x000000008a900000| PB 0x000000008a900000| Complete 
|  82|0x000000008aa00000, 0x000000008ab00000, 0x000000008ab00000|100%| E|CS|TAMS 0x000000008aa00000| PB 0x000000008aa00000| Complete 
|  83|0x000000008ab00000, 0x000000008ac00000, 0x000000008ac00000|100%| E|CS|TAMS 0x000000008ab00000| PB 0x000000008ab00000| Complete 
|  84|0x000000008ac00000, 0x000000008ad00000, 0x000000008ad00000|100%| E|CS|TAMS 0x000000008ac00000| PB 0x000000008ac00000| Complete 
|  85|0x000000008ad00000, 0x000000008ae00000, 0x000000008ae00000|100%| E|CS|TAMS 0x000000008ad00000| PB 0x000000008ad00000| Complete 
|  86|0x000000008ae00000, 0x000000008af00000, 0x000000008af00000|100%| E|CS|TAMS 0x000000008ae00000| PB 0x000000008ae00000| Complete 
|  87|0x000000008af00000, 0x000000008b000000, 0x000000008b000000|100%| E|CS|TAMS 0x000000008af00000| PB 0x000000008af00000| Complete 
|  88|0x000000008b000000, 0x000000008b100000, 0x000000008b100000|100%| E|CS|TAMS 0x000000008b000000| PB 0x000000008b000000| Complete 
|  89|0x000000008b100000, 0x000000008b200000, 0x000000008b200000|100%| E|CS|TAMS 0x000000008b100000| PB 0x000000008b100000| Complete 
|  90|0x000000008b200000, 0x000000008b300000, 0x000000008b300000|100%| E|CS|TAMS 0x000000008b200000| PB 0x000000008b200000| Complete 
|  91|0x000000008b300000, 0x000000008b400000, 0x000000008b400000|100%| E|CS|TAMS 0x000000008b300000| PB 0x000000008b300000| Complete 
|  92|0x000000008b400000, 0x000000008b500000, 0x000000008b500000|100%| E|CS|TAMS 0x000000008b400000| PB 0x000000008b400000| Complete 
|  93|0x000000008b500000, 0x000000008b5485a0, 0x000000008b600000| 28%| S|CS|TAMS 0x000000008b500000| PB 0x000000008b500000| Complete 
|  94|0x000000008b600000, 0x000000008b700000, 0x000000008b700000|100%| S|CS|TAMS 0x000000008b600000| PB 0x000000008b600000| Complete 
|  95|0x000000008b700000, 0x000000008b800000, 0x000000008b800000|100%| S|CS|TAMS 0x000000008b700000| PB 0x000000008b700000| Complete 
|  96|0x000000008b800000, 0x000000008b900000, 0x000000008b900000|100%| E|CS|TAMS 0x000000008b800000| PB 0x000000008b800000| Complete 
|  97|0x000000008b900000, 0x000000008ba00000, 0x000000008ba00000|100%| E|CS|TAMS 0x000000008b900000| PB 0x000000008b900000| Complete 
|  98|0x000000008ba00000, 0x000000008bb00000, 0x000000008bb00000|100%| E|CS|TAMS 0x000000008ba00000| PB 0x000000008ba00000| Complete 
|  99|0x000000008bb00000, 0x000000008bc00000, 0x000000008bc00000|100%| E|CS|TAMS 0x000000008bb00000| PB 0x000000008bb00000| Complete 
| 100|0x000000008bc00000, 0x000000008bd00000, 0x000000008bd00000|100%| E|CS|TAMS 0x000000008bc00000| PB 0x000000008bc00000| Complete 
| 101|0x000000008bd00000, 0x000000008be00000, 0x000000008be00000|100%| E|CS|TAMS 0x000000008bd00000| PB 0x000000008bd00000| Complete 
| 102|0x000000008be00000, 0x000000008bf00000, 0x000000008bf00000|100%| E|CS|TAMS 0x000000008be00000| PB 0x000000008be00000| Complete 
| 103|0x000000008bf00000, 0x000000008c000000, 0x000000008c000000|100%| E|CS|TAMS 0x000000008bf00000| PB 0x000000008bf00000| Complete 
| 104|0x000000008c000000, 0x000000008c100000, 0x000000008c100000|100%| E|CS|TAMS 0x000000008c000000| PB 0x000000008c000000| Complete 
| 105|0x000000008c100000, 0x000000008c200000, 0x000000008c200000|100%| E|CS|TAMS 0x000000008c100000| PB 0x000000008c100000| Complete 
| 106|0x000000008c200000, 0x000000008c300000, 0x000000008c300000|100%| E|CS|TAMS 0x000000008c200000| PB 0x000000008c200000| Complete 
| 107|0x000000008c300000, 0x000000008c400000, 0x000000008c400000|100%| E|  |TAMS 0x000000008c300000| PB 0x000000008c300000| Complete 
| 108|0x000000008c400000, 0x000000008c500000, 0x000000008c500000|100%| E|CS|TAMS 0x000000008c400000| PB 0x000000008c400000| Complete 
| 109|0x000000008c500000, 0x000000008c600000, 0x000000008c600000|100%| E|CS|TAMS 0x000000008c500000| PB 0x000000008c500000| Complete 
| 110|0x000000008c600000, 0x000000008c700000, 0x000000008c700000|100%| E|CS|TAMS 0x000000008c600000| PB 0x000000008c600000| Complete 
| 111|0x000000008c700000, 0x000000008c800000, 0x000000008c800000|100%| E|CS|TAMS 0x000000008c700000| PB 0x000000008c700000| Complete 
| 112|0x000000008c800000, 0x000000008c900000, 0x000000008c900000|100%| E|CS|TAMS 0x000000008c800000| PB 0x000000008c800000| Complete 
| 113|0x000000008c900000, 0x000000008ca00000, 0x000000008ca00000|100%| E|CS|TAMS 0x000000008c900000| PB 0x000000008c900000| Complete 
| 114|0x000000008ca00000, 0x000000008cb00000, 0x000000008cb00000|100%| E|CS|TAMS 0x000000008ca00000| PB 0x000000008ca00000| Complete 
| 115|0x000000008cb00000, 0x000000008cc00000, 0x000000008cc00000|100%| E|CS|TAMS 0x000000008cb00000| PB 0x000000008cb00000| Complete 
| 116|0x000000008cc00000, 0x000000008cd00000, 0x000000008cd00000|100%| E|CS|TAMS 0x000000008cc00000| PB 0x000000008cc00000| Complete 
| 117|0x000000008cd00000, 0x000000008ce00000, 0x000000008ce00000|100%| E|CS|TAMS 0x000000008cd00000| PB 0x000000008cd00000| Complete 
| 118|0x000000008ce00000, 0x000000008cf00000, 0x000000008cf00000|100%| E|CS|TAMS 0x000000008ce00000| PB 0x000000008ce00000| Complete 
| 119|0x000000008cf00000, 0x000000008d000000, 0x000000008d000000|100%| E|CS|TAMS 0x000000008cf00000| PB 0x000000008cf00000| Complete 
| 120|0x000000008d000000, 0x000000008d100000, 0x000000008d100000|100%| E|CS|TAMS 0x000000008d000000| PB 0x000000008d000000| Complete 
| 121|0x000000008d100000, 0x000000008d200000, 0x000000008d200000|100%| E|CS|TAMS 0x000000008d100000| PB 0x000000008d100000| Complete 
| 122|0x000000008d200000, 0x000000008d300000, 0x000000008d300000|100%| E|CS|TAMS 0x000000008d200000| PB 0x000000008d200000| Complete 
| 123|0x000000008d300000, 0x000000008d400000, 0x000000008d400000|100%| E|CS|TAMS 0x000000008d300000| PB 0x000000008d300000| Complete 

Card table byte_map: [0x000002af7a070000,0x000002af7a450000] _byte_map_base: 0x000002af79c44000

Marking Bits: (CMBitMap*) 0x000002af767cc050
 Bits: [0x000002af7a450000, 0x000002af7c2f0000)

Polling page: 0x000002af74520000

Metaspace:

Usage:
  Non-class:     18.09 MB used.
      Class:      2.56 MB used.
       Both:     20.65 MB used.

Virtual space:
  Non-class space:       64.00 MB reserved,      18.25 MB ( 29%) committed,  1 nodes.
      Class space:        1.00 GB reserved,       2.69 MB ( <1%) committed,  1 nodes.
             Both:        1.06 GB reserved,      20.94 MB (  2%) committed. 

Chunk freelists:
   Non-Class:  13.09 MB
       Class:  13.34 MB
        Both:  26.44 MB

MaxMetaspaceSize: unlimited
CompressedClassSpaceSize: 1.00 GB
Initial GC threshold: 21.00 MB
Current GC threshold: 21.00 MB
CDS: on
 - commit_granule_bytes: 65536.
 - commit_granule_words: 8192.
 - virtual_space_node_default_size: 8388608.
 - enlarge_chunks_in_place: 1.
 - use_allocation_guard: 0.


Internal statistics:

num_allocs_failed_limit: 0.
num_arena_births: 302.
num_arena_deaths: 0.
num_vsnodes_births: 2.
num_vsnodes_deaths: 0.
num_space_committed: 335.
num_space_uncommitted: 0.
num_chunks_returned_to_freelist: 0.
num_chunks_taken_from_freelist: 1063.
num_chunk_merges: 0.
num_chunk_splits: 700.
num_chunks_enlarged: 503.
num_inconsistent_stats: 0.

CodeHeap 'non-profiled nmethods': size=120000Kb used=1373Kb max_used=1373Kb free=118626Kb
 bounds [0x000002af07ad0000, 0x000002af07d40000, 0x000002af0f000000]
CodeHeap 'profiled nmethods': size=120000Kb used=6346Kb max_used=6346Kb free=113653Kb
 bounds [0x000002af00000000, 0x000002af00640000, 0x000002af07530000]
CodeHeap 'non-nmethods': size=5760Kb used=1527Kb max_used=1527Kb free=4232Kb
 bounds [0x000002af07530000, 0x000002af077a0000, 0x000002af07ad0000]
CodeCache: size=245760Kb, used=9246Kb, max_used=9246Kb, free=236511Kb
 total_blobs=3696, nmethods=3179, adapters=419, full_count=0
Compilation: enabled, stopped_count=0, restarted_count=0

Compilation events (20 events):
Event: 2.720 Thread 0x000002af7ed89bc0 nmethod 3160 0x000002af0062ba10 code [0x000002af0062bbc0, 0x000002af0062bce0]
Event: 2.721 Thread 0x000002af7ed89bc0 3161       3       java.util.stream.Nodes$SpinedNodeBuilder::accept (29 bytes)
Event: 2.721 Thread 0x000002af55e88fa0 3162       4       org.springframework.core.annotation.MergedAnnotationsCollection$AnnotationsSpliterator::getNextSuitableMapping (45 bytes)
Event: 2.721 Thread 0x000002af7ed89bc0 nmethod 3161 0x000002af0062bd90 code [0x000002af0062bf40, 0x000002af0062c090]
Event: 2.725 Thread 0x000002af7ed89bc0 3164       3       org.springframework.core.type.AnnotatedTypeMetadata$$Lambda/0x000002af1023a4c8::apply (10 bytes)
Event: 2.725 Thread 0x000002af7ed89bc0 nmethod 3164 0x000002af0062c110 code [0x000002af0062c2c0, 0x000002af0062c5a8]
Event: 2.725 Thread 0x000002af7ed89bc0 3165       3       org.springframework.core.annotation.TypeMappedAnnotation::withNonMergedAttributes (45 bytes)
Event: 2.726 Thread 0x000002af7ed89bc0 nmethod 3165 0x000002af0062c690 code [0x000002af0062c840, 0x000002af0062ca58]
Event: 2.726 Thread 0x000002af7ed89bc0 3166       3       org.springframework.core.annotation.TypeMappedAnnotation::<init> (62 bytes)
Event: 2.727 Thread 0x000002af7ed89bc0 nmethod 3166 0x000002af0062cb10 code [0x000002af0062cce0, 0x000002af0062d1b0]
Event: 2.727 Thread 0x000002af7ed89bc0 3167       3       org.springframework.core.annotation.MergedAnnotationCollectors::toMultiValueMap (42 bytes)
Event: 2.727 Thread 0x000002af7ed89bc0 nmethod 3167 0x000002af0062d310 code [0x000002af0062d5a0, 0x000002af0062e1a0]
Event: 2.728 Thread 0x000002af7ed89bc0 3168       3       org.springframework.core.annotation.MergedAnnotationCollectors::isSameInstance (11 bytes)
Event: 2.728 Thread 0x000002af7ed89bc0 nmethod 3168 0x000002af0062e510 code [0x000002af0062e6a0, 0x000002af0062e7e0]
Event: 2.728 Thread 0x000002af7ed89bc0 3169       3       org.springframework.core.annotation.MergedAnnotationCollectors$$Lambda/0x000002af1023ad70::<init> (10 bytes)
Event: 2.728 Thread 0x000002af7ed89bc0 nmethod 3169 0x000002af0062e890 code [0x000002af0062ea40, 0x000002af0062ebf8]
Event: 2.728 Thread 0x000002af55e88fa0 nmethod 3162 0x000002af07c25590 code [0x000002af07c25780, 0x000002af07c25ce0]
Event: 2.729 Thread 0x000002af55e88fa0 3163       4       java.util.ArrayList::<init> (61 bytes)
Event: 2.732 Thread 0x000002af55e88fa0 nmethod 3163 0x000002af07c26190 code [0x000002af07c26320, 0x000002af07c266c0]
Event: 2.732 Thread 0x000002af55e88fa0 3170       4       org.springframework.util.ClassUtils::isAssignable (84 bytes)

GC Heap History (4 events):
Event: 0.737 GC heap before
{Heap before GC invocations=0 (full 0):
 garbage-first heap   total 126976K, used 23552K [0x0000000085800000, 0x0000000100000000)
  region size 1024K, 23 young (23552K), 0 survivors (0K)
 Metaspace       used 6268K, committed 6528K, reserved 1114112K
  class space    used 753K, committed 896K, reserved 1048576K
}
Event: 0.743 GC heap after
{Heap after GC invocations=1 (full 0):
 garbage-first heap   total 126976K, used 8768K [0x0000000085800000, 0x0000000100000000)
  region size 1024K, 3 young (3072K), 3 survivors (3072K)
 Metaspace       used 6268K, committed 6528K, reserved 1114112K
  class space    used 753K, committed 896K, reserved 1048576K
}
Event: 1.302 GC heap before
{Heap before GC invocations=1 (full 0):
 garbage-first heap   total 126976K, used 33344K [0x0000000085800000, 0x0000000100000000)
  region size 1024K, 28 young (28672K), 3 survivors (3072K)
 Metaspace       used 13231K, committed 13504K, reserved 1114112K
  class space    used 1625K, committed 1728K, reserved 1048576K
}
Event: 1.309 GC heap after
{Heap after GC invocations=2 (full 0):
 garbage-first heap   total 126976K, used 11280K [0x0000000085800000, 0x0000000100000000)
  region size 1024K, 3 young (3072K), 3 survivors (3072K)
 Metaspace       used 13231K, committed 13504K, reserved 1114112K
  class space    used 1625K, committed 1728K, reserved 1048576K
}

Dll operation events (7 events):
Event: 0.006 Loaded shared library C:\Users\Hp\.antigravity\extensions\redhat.java-1.55.0-win32-x64\jre\21.0.11-win32-x86_64\bin\java.dll
Event: 0.034 Loaded shared library C:\Users\Hp\.antigravity\extensions\redhat.java-1.55.0-win32-x64\jre\21.0.11-win32-x86_64\bin\zip.dll
Event: 0.095 Loaded shared library C:\Users\Hp\.antigravity\extensions\redhat.java-1.55.0-win32-x64\jre\21.0.11-win32-x86_64\bin\net.dll
Event: 0.097 Loaded shared library C:\Users\Hp\.antigravity\extensions\redhat.java-1.55.0-win32-x64\jre\21.0.11-win32-x86_64\bin\nio.dll
Event: 0.101 Loaded shared library C:\Users\Hp\.antigravity\extensions\redhat.java-1.55.0-win32-x64\jre\21.0.11-win32-x86_64\bin\zip.dll
Event: 0.213 Loaded shared library C:\Users\Hp\.antigravity\extensions\redhat.java-1.55.0-win32-x64\jre\21.0.11-win32-x86_64\bin\jimage.dll
Event: 1.527 Loaded shared library C:\Users\Hp\.antigravity\extensions\redhat.java-1.55.0-win32-x64\jre\21.0.11-win32-x86_64\bin\sunmscapi.dll

Deoptimization events (20 events):
Event: 2.399 Thread 0x000002af76771730 Uncommon trap: trap_request=0xffffffde fr.pc=0x000002af07b21e48 relative=0x00000000000001a8
Event: 2.399 Thread 0x000002af76771730 Uncommon trap: reason=class_check action=maybe_recompile pc=0x000002af07b21e48 method=java.lang.String.equals(Ljava/lang/Object;)Z @ 8 c2
Event: 2.399 Thread 0x000002af76771730 DEOPT PACKING pc=0x000002af07b21e48 sp=0x000000bed19fe9a0
Event: 2.399 Thread 0x000002af76771730 DEOPT UNPACKING pc=0x000002af07587ba2 sp=0x000000bed19fe928 mode 2
Event: 2.399 Thread 0x000002af76771730 Uncommon trap: trap_request=0xffffffde fr.pc=0x000002af07b21e48 relative=0x00000000000001a8
Event: 2.399 Thread 0x000002af76771730 Uncommon trap: reason=class_check action=maybe_recompile pc=0x000002af07b21e48 method=java.lang.String.equals(Ljava/lang/Object;)Z @ 8 c2
Event: 2.399 Thread 0x000002af76771730 DEOPT PACKING pc=0x000002af07b21e48 sp=0x000000bed19fe9a0
Event: 2.399 Thread 0x000002af76771730 DEOPT UNPACKING pc=0x000002af07587ba2 sp=0x000000bed19fe928 mode 2
Event: 2.399 Thread 0x000002af76771730 Uncommon trap: trap_request=0xffffffde fr.pc=0x000002af07b21e48 relative=0x00000000000001a8
Event: 2.399 Thread 0x000002af76771730 Uncommon trap: reason=class_check action=maybe_recompile pc=0x000002af07b21e48 method=java.lang.String.equals(Ljava/lang/Object;)Z @ 8 c2
Event: 2.399 Thread 0x000002af76771730 DEOPT PACKING pc=0x000002af07b21e48 sp=0x000000bed19fe9a0
Event: 2.399 Thread 0x000002af76771730 DEOPT UNPACKING pc=0x000002af07587ba2 sp=0x000000bed19fe928 mode 2
Event: 2.400 Thread 0x000002af76771730 Uncommon trap: trap_request=0xffffffde fr.pc=0x000002af07bebf9c relative=0x000000000000049c
Event: 2.400 Thread 0x000002af76771730 Uncommon trap: reason=class_check action=maybe_recompile pc=0x000002af07bebf9c method=java.lang.String.equals(Ljava/lang/Object;)Z @ 8 c2
Event: 2.400 Thread 0x000002af76771730 DEOPT PACKING pc=0x000002af07bebf9c sp=0x000000bed19fe700
Event: 2.400 Thread 0x000002af76771730 DEOPT UNPACKING pc=0x000002af07587ba2 sp=0x000000bed19fe5b8 mode 2
Event: 2.400 Thread 0x000002af76771730 Uncommon trap: trap_request=0xffffffde fr.pc=0x000002af07b21e48 relative=0x00000000000001a8
Event: 2.400 Thread 0x000002af76771730 Uncommon trap: reason=class_check action=maybe_recompile pc=0x000002af07b21e48 method=java.lang.String.equals(Ljava/lang/Object;)Z @ 8 c2
Event: 2.400 Thread 0x000002af76771730 DEOPT PACKING pc=0x000002af07b21e48 sp=0x000000bed19fe640
Event: 2.400 Thread 0x000002af76771730 DEOPT UNPACKING pc=0x000002af07587ba2 sp=0x000000bed19fe5c8 mode 2

Classes loaded (20 events):
Event: 1.988 Loading class java/beans/PropertyVetoException
Event: 1.988 Loading class java/beans/PropertyVetoException done
Event: 2.009 Loading class java/nio/charset/CharacterCodingException
Event: 2.009 Loading class java/nio/charset/CharacterCodingException done
Event: 2.329 Loading class java/util/stream/Streams$ConcatSpliterator$OfRef
Event: 2.329 Loading class java/util/stream/Streams$ConcatSpliterator
Event: 2.329 Loading class java/util/stream/Streams$ConcatSpliterator done
Event: 2.329 Loading class java/util/stream/Streams$ConcatSpliterator$OfRef done
Event: 2.329 Loading class java/util/stream/Streams$2
Event: 2.329 Loading class java/util/stream/Streams$2 done
Event: 2.366 Loading class java/util/stream/ReferencePipeline$15
Event: 2.372 Loading class java/util/stream/ReferencePipeline$15 done
Event: 2.373 Loading class java/util/stream/ReferencePipeline$15$1
Event: 2.373 Loading class java/util/stream/ReferencePipeline$15$1 done
Event: 2.454 Loading class sun/reflect/generics/tree/BooleanSignature
Event: 2.454 Loading class sun/reflect/generics/tree/BooleanSignature done
Event: 2.728 Loading class java/lang/UnsupportedClassVersionError
Event: 2.728 Loading class java/lang/ClassFormatError
Event: 2.728 Loading class java/lang/ClassFormatError done
Event: 2.728 Loading class java/lang/UnsupportedClassVersionError done

Classes unloaded (0 events):
No events

Classes redefined (0 events):
No events

Internal exceptions (20 events):
Event: 0.867 Thread 0x000002af76771730 Exception <a 'java/lang/NoSuchMethodError'{0x000000008cfaa258}: 'java.lang.Object java.lang.invoke.DirectMethodHandle$Holder.invokeStaticInit(java.lang.Object, long, java.lang.Object)'> (0x000000008cfaa258) 
thrown [s\src\hotspot\share\interpreter\linkResolver.cpp, line 773]
Event: 0.868 Thread 0x000002af76771730 Exception <a 'java/lang/NoSuchMethodError'{0x000000008cfafb78}: 'java.lang.Object java.lang.invoke.DirectMethodHandle$Holder.newInvokeSpecial(java.lang.Object, long)'> (0x000000008cfafb78) 
thrown [s\src\hotspot\share\interpreter\linkResolver.cpp, line 773]
Event: 0.884 Thread 0x000002af76771730 Exception <a 'java/lang/NoSuchMethodError'{0x000000008ce04e58}: 'void java.lang.invoke.DirectMethodHandle$Holder.invokeSpecial(java.lang.Object, java.lang.Object, java.lang.Object, java.lang.Object, java.lang.Object)'> (0x000000008ce04e58) 
thrown [s\src\hotspot\share\interpreter\linkResolver.cpp, line 773]
Event: 0.885 Thread 0x000002af76771730 Exception <a 'java/lang/NoSuchMethodError'{0x000000008ce0c718}: 'void java.lang.invoke.DirectMethodHandle$Holder.invokeVirtual(java.lang.Object, java.lang.Object, java.lang.Object, java.lang.Object)'> (0x000000008ce0c718) 
thrown [s\src\hotspot\share\interpreter\linkResolver.cpp, line 773]
Event: 0.932 Thread 0x000002af76771730 Exception <a 'java/lang/NoSuchMethodError'{0x000000008cd599f8}: 'void java.lang.invoke.DirectMethodHandle$Holder.invokeSpecial(java.lang.Object, java.lang.Object, java.lang.Object)'> (0x000000008cd599f8) 
thrown [s\src\hotspot\share\interpreter\linkResolver.cpp, line 773]
Event: 0.940 Thread 0x000002af76771730 Exception <a 'java/lang/IncompatibleClassChangeError'{0x000000008cd86e58}: Found class java.lang.Object, but interface was expected> (0x000000008cd86e58) 
thrown [s\src\hotspot\share\interpreter\linkResolver.cpp, line 840]
Event: 0.941 Thread 0x000002af54234f40 Exception <a 'java/lang/NoClassDefFoundError'{0x000000008cde1ee8}: jakarta/validation/Validation> (0x000000008cde1ee8) 
thrown [s\src\hotspot\share\classfile\systemDictionary.cpp, line 302]
Event: 0.947 Thread 0x000002af76771730 Exception <a 'java/lang/NoSuchMethodError'{0x000000008cd9bd68}: 'java.lang.Object java.lang.invoke.DirectMethodHandle$Holder.invokeStaticInit(java.lang.Object, int)'> (0x000000008cd9bd68) 
thrown [s\src\hotspot\share\interpreter\linkResolver.cpp, line 773]
Event: 0.952 Thread 0x000002af76771730 Exception <a 'java/lang/NoSuchMethodError'{0x000000008cda6220}: 'java.lang.Object java.lang.invoke.DirectMethodHandle$Holder.invokeStatic(java.lang.Object, int, java.lang.Object)'> (0x000000008cda6220) 
thrown [s\src\hotspot\share\interpreter\linkResolver.cpp, line 773]
Event: 0.954 Thread 0x000002af76771730 Exception <a 'java/lang/NoSuchMethodError'{0x000000008cda98b0}: 'java.lang.Object java.lang.invoke.DirectMethodHandle$Holder.invokeStaticInit(java.lang.Object, int, java.lang.Object)'> (0x000000008cda98b0) 
thrown [s\src\hotspot\share\interpreter\linkResolver.cpp, line 773]
Event: 1.353 Thread 0x000002af76771730 Exception <a 'java/lang/NoSuchMethodError'{0x000000008d06d150}: 'java.lang.Object java.lang.invoke.DirectMethodHandle$Holder.invokeVirtual(java.lang.Object, java.lang.Object, java.lang.Object)'> (0x000000008d06d150) 
thrown [s\src\hotspot\share\interpreter\linkResolver.cpp, line 773]
Event: 1.359 Thread 0x000002af76771730 Exception <a 'java/lang/NoSuchMethodError'{0x000000008d087fe0}: 'int java.lang.invoke.DirectMethodHandle$Holder.invokeSpecial(java.lang.Object, java.lang.Object, java.lang.Object, java.lang.Object, java.lang.Object)'> (0x000000008d087fe0) 
thrown [s\src\hotspot\share\interpreter\linkResolver.cpp, line 773]
Event: 1.362 Thread 0x000002af76771730 Exception <a 'java/lang/NoSuchMethodError'{0x000000008d090188}: 'void java.lang.invoke.DirectMethodHandle$Holder.invokeVirtual(java.lang.Object, java.lang.Object)'> (0x000000008d090188) 
thrown [s\src\hotspot\share\interpreter\linkResolver.cpp, line 773]
Event: 1.404 Thread 0x000002af54234f40 Exception <a 'java/lang/NoSuchMethodError'{0x000000008cc251b8}: 'long java.lang.invoke.DirectMethodHandle$Holder.invokeSpecial(java.lang.Object, java.lang.Object)'> (0x000000008cc251b8) 
thrown [s\src\hotspot\share\interpreter\linkResolver.cpp, line 773]
Event: 1.406 Thread 0x000002af54234f40 Exception <a 'java/lang/NoSuchMethodError'{0x000000008cc2f1b8}: 'long java.lang.invoke.DirectMethodHandle$Holder.invokeStatic(java.lang.Object, java.lang.Object)'> (0x000000008cc2f1b8) 
thrown [s\src\hotspot\share\interpreter\linkResolver.cpp, line 773]
Event: 1.407 Thread 0x000002af54234f40 Exception <a 'java/lang/NoSuchMethodError'{0x000000008cc32560}: 'long java.lang.invoke.DirectMethodHandle$Holder.invokeStaticInit(java.lang.Object, java.lang.Object)'> (0x000000008cc32560) 
thrown [s\src\hotspot\share\interpreter\linkResolver.cpp, line 773]
Event: 1.409 Thread 0x000002af54234f40 Exception <a 'java/lang/NoSuchMethodError'{0x000000008cc3e958}: 'long java.lang.invoke.DirectMethodHandle$Holder.invokeInterface(java.lang.Object, java.lang.Object)'> (0x000000008cc3e958) 
thrown [s\src\hotspot\share\interpreter\linkResolver.cpp, line 773]
Event: 1.410 Thread 0x000002af54234f40 Exception <a 'java/lang/IncompatibleClassChangeError'{0x000000008cc41c28}: Found class java.lang.Object, but interface was expected> (0x000000008cc41c28) 
thrown [s\src\hotspot\share\interpreter\linkResolver.cpp, line 840]
Event: 1.425 Thread 0x000002af54234f40 Exception <a 'java/lang/NoSuchMethodError'{0x000000008cb1d070}: 'java.lang.Object java.lang.invoke.DirectMethodHandle$Holder.invokeVirtual(java.lang.Object, java.lang.Object, java.lang.Object, java.lang.Object)'> (0x000000008cb1d070) 
thrown [s\src\hotspot\share\interpreter\linkResolver.cpp, line 773]
Event: 1.726 Thread 0x000002af76771730 Exception <a 'java/lang/IncompatibleClassChangeError'{0x000000008c0ba818}: Found class java.lang.Object, but interface was expected> (0x000000008c0ba818) 
thrown [s\src\hotspot\share\interpreter\linkResolver.cpp, line 840]

ZGC Phase Switch (0 events):
No events

VM Operations (20 events):
Event: 1.270 Executing non-safepoint VM operation: HandshakeAllThreads (Deoptimize)
Event: 1.270 Executing non-safepoint VM operation: HandshakeAllThreads (Deoptimize) done
Event: 1.302 Executing safepoint VM operation: G1CollectForAllocation (G1 Evacuation Pause)
Event: 1.309 Executing safepoint VM operation: G1CollectForAllocation (G1 Evacuation Pause) done
Event: 1.339 Executing non-safepoint VM operation: HandshakeAllThreads (Deoptimize)
Event: 1.339 Executing non-safepoint VM operation: HandshakeAllThreads (Deoptimize) done
Event: 1.476 Executing non-safepoint VM operation: HandshakeAllThreads (Deoptimize)
Event: 1.476 Executing non-safepoint VM operation: HandshakeAllThreads (Deoptimize) done
Event: 1.504 Executing non-safepoint VM operation: HandshakeAllThreads (Deoptimize)
Event: 1.504 Executing non-safepoint VM operation: HandshakeAllThreads (Deoptimize) done
Event: 1.754 Executing safepoint VM operation: ICBufferFull
Event: 1.754 Executing safepoint VM operation: ICBufferFull done
Event: 2.050 Executing safepoint VM operation: ICBufferFull
Event: 2.050 Executing safepoint VM operation: ICBufferFull done
Event: 2.258 Executing non-safepoint VM operation: HandshakeAllThreads (Deoptimize)
Event: 2.258 Executing non-safepoint VM operation: HandshakeAllThreads (Deoptimize) done
Event: 2.259 Executing non-safepoint VM operation: HandshakeAllThreads (Deoptimize)
Event: 2.259 Executing non-safepoint VM operation: HandshakeAllThreads (Deoptimize) done
Event: 2.596 Executing safepoint VM operation: ICBufferFull
Event: 2.597 Executing safepoint VM operation: ICBufferFull done

Memory protections (0 events):
No events

Nmethod flushes (0 events):
No events

Events (17 events):
Event: 0.020 Thread 0x000002af76771730 Thread added: 0x000002af76771730
Event: 0.036 Thread 0x000002af76771730 Thread added: 0x000002af7ed72090
Event: 0.036 Thread 0x000002af76771730 Thread added: 0x000002af7ed74710
Event: 0.037 Thread 0x000002af76771730 Thread added: 0x000002af7ed79650
Event: 0.037 Thread 0x000002af76771730 Thread added: 0x000002af7ed7a580
Event: 0.037 Thread 0x000002af76771730 Thread added: 0x000002af7ed7afe0
Event: 0.037 Thread 0x000002af76771730 Thread added: 0x000002af7ed7ba40
Event: 0.037 Thread 0x000002af76771730 Thread added: 0x000002af7ed7e950
Event: 0.037 Thread 0x000002af76771730 Thread added: 0x000002af7ed89bc0
Event: 0.086 Thread 0x000002af76771730 Thread added: 0x000002af7eee7430
Event: 0.089 Thread 0x000002af76771730 Thread added: 0x000002af7eeee240
Event: 0.112 Thread 0x000002af7ed7e950 Thread added: 0x000002af7ef6f990
Event: 0.937 Thread 0x000002af76771730 Thread added: 0x000002af54234f40
Event: 1.547 Thread 0x000002af54234f40 Thread exited: 0x000002af54234f40
Event: 1.619 Thread 0x000002af76771730 Thread added: 0x000002af546fc2d0
Event: 1.669 Thread 0x000002af546fc2d0 Thread exited: 0x000002af546fc2d0
Event: 2.510 Thread 0x000002af7ed89bc0 Thread added: 0x000002af55e88fa0


Dynamic libraries:
0x00007ff733270000 - 0x00007ff73327e000 	C:\Users\Hp\.antigravity\extensions\redhat.java-1.55.0-win32-x64\jre\21.0.11-win32-x86_64\bin\java.exe
0x00007fff9f500000 - 0x00007fff9f766000 	C:\WINDOWS\SYSTEM32\ntdll.dll
0x00007fff9da90000 - 0x00007fff9db59000 	C:\WINDOWS\System32\KERNEL32.DLL
0x00007fff9cb90000 - 0x00007fff9cf8a000 	C:\WINDOWS\System32\KERNELBASE.dll
0x00007fff9c820000 - 0x00007fff9c96c000 	C:\WINDOWS\System32\ucrtbase.dll
0x00007fff87260000 - 0x00007fff87278000 	C:\Users\Hp\.antigravity\extensions\redhat.java-1.55.0-win32-x64\jre\21.0.11-win32-x86_64\bin\jli.dll
0x00007fff87280000 - 0x00007fff8729e000 	C:\Users\Hp\.antigravity\extensions\redhat.java-1.55.0-win32-x64\jre\21.0.11-win32-x86_64\bin\VCRUNTIME140.dll
0x00007fff9ed50000 - 0x00007fff9ef17000 	C:\WINDOWS\System32\USER32.dll
0x00007fff7d9e0000 - 0x00007fff7dc72000 	C:\WINDOWS\WinSxS\amd64_microsoft.windows.common-controls_6595b64144ccf1df_6.0.26100.8521_none_3e08b75ce33403b3\COMCTL32.dll
0x00007fff9cf90000 - 0x00007fff9cfb7000 	C:\WINDOWS\System32\win32u.dll
0x00007fff9ec40000 - 0x00007fff9ece9000 	C:\WINDOWS\System32\msvcrt.dll
0x00007fff9f140000 - 0x00007fff9f16b000 	C:\WINDOWS\System32\GDI32.dll
0x00007fff9cfc0000 - 0x00007fff9d0eb000 	C:\WINDOWS\System32\gdi32full.dll
0x00007fff9cae0000 - 0x00007fff9cb83000 	C:\WINDOWS\System32\msvcp_win.dll
0x00007fff9f320000 - 0x00007fff9f352000 	C:\WINDOWS\System32\IMM32.DLL
0x00007fff99030000 - 0x00007fff9903c000 	C:\Users\Hp\.antigravity\extensions\redhat.java-1.55.0-win32-x64\jre\21.0.11-win32-x86_64\bin\vcruntime140_1.dll
0x00007fff79fa0000 - 0x00007fff7a02d000 	C:\Users\Hp\.antigravity\extensions\redhat.java-1.55.0-win32-x64\jre\21.0.11-win32-x86_64\bin\msvcp140.dll
0x00007fff41810000 - 0x00007fff425b2000 	C:\Users\Hp\.antigravity\extensions\redhat.java-1.55.0-win32-x64\jre\21.0.11-win32-x86_64\bin\server\jvm.dll
0x00007fff9dbf0000 - 0x00007fff9dca6000 	C:\WINDOWS\System32\ADVAPI32.dll
0x00007fff9dcb0000 - 0x00007fff9dd5a000 	C:\WINDOWS\System32\sechost.dll
0x00007fff9f200000 - 0x00007fff9f318000 	C:\WINDOWS\System32\RPCRT4.dll
0x00007fff9f170000 - 0x00007fff9f1f0000 	C:\WINDOWS\System32\WS2_32.dll
0x00007fff9c610000 - 0x00007fff9c66e000 	C:\WINDOWS\SYSTEM32\POWRPROF.dll
0x00007fff92280000 - 0x00007fff9228b000 	C:\WINDOWS\SYSTEM32\VERSION.dll
0x00007fff923c0000 - 0x00007fff923f6000 	C:\WINDOWS\SYSTEM32\WINMM.dll
0x00007fff9c5f0000 - 0x00007fff9c604000 	C:\WINDOWS\SYSTEM32\UMPDC.dll
0x00007fff9b4e0000 - 0x00007fff9b4fb000 	C:\WINDOWS\SYSTEM32\kernel.appcore.dll
0x00007fff87250000 - 0x00007fff8725a000 	C:\Users\Hp\.antigravity\extensions\redhat.java-1.55.0-win32-x64\jre\21.0.11-win32-x86_64\bin\jimage.dll
0x00007fff99d90000 - 0x00007fff99fd2000 	C:\WINDOWS\SYSTEM32\DBGHELP.DLL
0x00007fff9dff0000 - 0x00007fff9e373000 	C:\WINDOWS\System32\combase.dll
0x00007fff9df10000 - 0x00007fff9dfe9000 	C:\WINDOWS\System32\OLEAUT32.dll
0x00007fff7b840000 - 0x00007fff7b87b000 	C:\WINDOWS\SYSTEM32\dbgcore.DLL
0x00007fff9ca30000 - 0x00007fff9cad8000 	C:\WINDOWS\System32\bcryptPrimitives.dll
0x00007fff82810000 - 0x00007fff82830000 	C:\Users\Hp\.antigravity\extensions\redhat.java-1.55.0-win32-x64\jre\21.0.11-win32-x86_64\bin\java.dll
0x00007fff9e3a0000 - 0x00007fff9eb24000 	C:\WINDOWS\System32\SHELL32.dll
0x00007fff9a310000 - 0x00007fff9ab90000 	C:\WINDOWS\SYSTEM32\windows.storage.dll
0x00007fff9d2c0000 - 0x00007fff9d3b6000 	C:\WINDOWS\System32\SHCORE.dll
0x00007fff9ebd0000 - 0x00007fff9ec37000 	C:\WINDOWS\System32\shlwapi.dll
0x00007fff9c6b0000 - 0x00007fff9c6d9000 	C:\WINDOWS\SYSTEM32\profapi.dll
0x00007fff827f0000 - 0x00007fff82808000 	C:\Users\Hp\.antigravity\extensions\redhat.java-1.55.0-win32-x64\jre\21.0.11-win32-x86_64\bin\zip.dll
0x00007fff7c860000 - 0x00007fff7c870000 	C:\Users\Hp\.antigravity\extensions\redhat.java-1.55.0-win32-x64\jre\21.0.11-win32-x86_64\bin\net.dll
0x00007fff95fd0000 - 0x00007fff960f9000 	C:\WINDOWS\SYSTEM32\WINHTTP.dll
0x00007fff9ba70000 - 0x00007fff9badc000 	C:\WINDOWS\system32\mswsock.dll
0x00007fff7a460000 - 0x00007fff7a476000 	C:\Users\Hp\.antigravity\extensions\redhat.java-1.55.0-win32-x64\jre\21.0.11-win32-x86_64\bin\nio.dll
0x00007fff7a450000 - 0x00007fff7a45e000 	C:\Users\Hp\.antigravity\extensions\redhat.java-1.55.0-win32-x64\jre\21.0.11-win32-x86_64\bin\sunmscapi.dll
0x00007fff9d0f0000 - 0x00007fff9d268000 	C:\WINDOWS\System32\CRYPT32.dll
0x00007fff9bf90000 - 0x00007fff9bfc0000 	C:\WINDOWS\SYSTEM32\ncrypt.dll
0x00007fff9bf40000 - 0x00007fff9bf7f000 	C:\WINDOWS\SYSTEM32\NTASN1.dll

JVMTI agents: none

dbghelp: loaded successfully - version: 4.0.5 - missing functions: none
symbol engine: initialized successfully - sym options: 0x614 - pdb path: .;C:\Users\Hp\.antigravity\extensions\redhat.java-1.55.0-win32-x64\jre\21.0.11-win32-x86_64\bin;C:\WINDOWS\SYSTEM32;C:\WINDOWS\WinSxS\amd64_microsoft.windows.common-controls_6595b64144ccf1df_6.0.26100.8521_none_3e08b75ce33403b3;C:\Users\Hp\.antigravity\extensions\redhat.java-1.55.0-win32-x64\jre\21.0.11-win32-x86_64\bin\server

VM Arguments:
jvm_args: -XX:+ShowCodeDetailsInExceptionMessages 
java_command: MoneymanagerApplication
java_class_path (initial): E:\MONEYMANAGER\target\classes;C:\Users\Hp\.m2\repository\org\springframework\boot\spring-boot-starter-data-jpa\3.2.4\spring-boot-starter-data-jpa-3.2.4.jar;C:\Users\Hp\.m2\repository\org\springframework\boot\spring-boot-starter-aop\3.2.4\spring-boot-starter-aop-3.2.4.jar;C:\Users\Hp\.m2\repository\org\aspectj\aspectjweaver\1.9.21\aspectjweaver-1.9.21.jar;C:\Users\Hp\.m2\repository\org\springframework\boot\spring-boot-starter-jdbc\3.2.4\spring-boot-starter-jdbc-3.2.4.jar;C:\Users\Hp\.m2\repository\com\zaxxer\HikariCP\5.0.1\HikariCP-5.0.1.jar;C:\Users\Hp\.m2\repository\org\springframework\spring-jdbc\6.1.5\spring-jdbc-6.1.5.jar;C:\Users\Hp\.m2\repository\org\hibernate\orm\hibernate-core\6.4.4.Final\hibernate-core-6.4.4.Final.jar;C:\Users\Hp\.m2\repository\jakarta\persistence\jakarta.persistence-api\3.1.0\jakarta.persistence-api-3.1.0.jar;C:\Users\Hp\.m2\repository\jakarta\transaction\jakarta.transaction-api\2.0.1\jakarta.transaction-api-2.0.1.jar;C:\Users\Hp\.m2\repository\org\jboss\logging\jboss-logging\3.5.3.Final\jboss-logging-3.5.3.Final.jar;C:\Users\Hp\.m2\repository\org\hibernate\common\hibernate-commons-annotations\6.0.6.Final\hibernate-commons-annotations-6.0.6.Final.jar;C:\Users\Hp\.m2\repository\io\smallrye\jandex\3.1.2\jandex-3.1.2.jar;C:\Users\Hp\.m2\repository\com\fasterxml\classmate\1.6.0\classmate-1.6.0.jar;C:\Users\Hp\.m2\repository\net\bytebuddy\byte-buddy\1.14.12\byte-buddy-1.14.12.jar;C:\Users\Hp\.m2\repository\jakarta\xml\bind\jakarta.xml.bind-api\4.0.2\jakarta.xml.bind-api-4.0.2.jar;C:\Users\Hp\.m2\repository\org\glassfish\jaxb\jaxb-runtime\4.0.5\jaxb-runtime-4.0.5.jar;C:\Users\Hp\.m2\repository\org\glassfish\jaxb\jaxb-core\4.0.5\jaxb-core-4.0.5.jar;C:\Users\Hp\.m2\repository\org\glassfish\jaxb\txw2\4.0.5\txw2-4.0.5.jar;C:\Users\Hp\.m2\repository\com\sun\istack\istack-commons-runtime\4.1.2\istack-commons-runtime-4.1.2.jar;C:\Users\Hp\.m2\repository\jakarta\inject\jakarta.inject-api\2.0.1\jakarta.inject-api-2.0.1.jar;C:\Users\Hp\.m2\repository\org\antlr\antlr4-runtime\4.13.0\antlr4-runtime-4.13.0.jar;C:\Users\Hp\.m2\repository\org\springframework\data\spring-data-jpa\3.2.4\spring-data-jpa-3.2.4.jar;C:\Users\Hp\.m2\repository\org\springframework\data\spring-data-commons\3.2.4\spring-data-commons-3.2.4.jar;C:\Users\Hp\.m2\repository\org\springframework\spring-orm\6.1.5\spring-orm-6.1.5.jar;C:\Users\Hp\.m2\repository\org\springframework\spring-context\6.1.5\spring-context-6.1.5.jar;C:\Users\Hp\.m2\repository\org\springframework\spring-tx\6.1.5\spring-tx-6.1.5.jar;C:\Users\Hp\.m2\repository\org\springframework\spring-beans\6.1.5\spring-beans-6.1.5.jar;C:\Users\Hp\.m2\repository\org\springframework\spring-core\6.1.5\spring-core-6.1.5.jar;C:\Users\Hp\.m2\repository\org\springframework\spring-jcl\6.1.5\spring-jcl-6.1.5.jar;C:\Users\Hp\.m2\repository\jakarta\annotation\jakarta.annotation-api\2.1.1\jakarta.annotation-api-2.1.1.jar;C:\Users\Hp\.m2\repository\org\slf4j\slf4j-api\2.0.12\slf4j-api-2.0.12.jar;C:\Users\Hp\.m2\repository\org\springframework\spring-aspects\6.1.5\spring-aspects-6.1.5.jar;C:\Users\Hp\.m2\repository\org\springframework\boot\spring-boot-starter-mail\3.2.4\spring-boot-starter-mail-3.2.4.jar;C:\Users\Hp\.m2\repository\org\springframework\boot\spring-boot-starter\3.2.4\spring-boot-starter-3.2.4.jar;C:\Users\Hp\.m2\repository\org\springframework\boot\spring-boot\3.2.4\spring-boot-3.2.4.jar;C:\Users\Hp\.m2\repository\org\springframework\boot\spring-boot-autoconfigure\3.2.4\spring-boot-autoconfigure-3.2.4.jar;C:\Users\Hp\.m2\repository\org\springframework\boot\spring-boot-starter-logging\3.2.4\spring-boot-starter-logging-3.2.4.jar;C:\Users\Hp\.m2\repository\ch\qos\logback\logback-classic\1.4.14\logback-classic-1.4.14.jar;C:\Users\Hp\.m2\repository\ch\qos\logback\logback-core\1.4.14\logback-core-1.4.14.jar;C:\Users\Hp\.m2\repository\org\apache\logging\log4j\log4j-to-slf4j\2.21.1\log4j-to-slf4j-2.21.1.jar;C:\Users\Hp\.m2\repository\org\slf4j\jul-to-slf4j\2.0.12\jul-to-slf4j-2.0.12.jar;C:\Users\Hp\.m2\repository\org\yaml\snakeyaml\2.2\snakeyaml-2.2.jar;C:\Users\Hp\.m2\repository\org\springframework\spring-context-support\6.1.5\spring-context-support-6.1.5.jar;C:\Users\Hp\.m2\repository\org\eclipse\angus\jakarta.mail\2.0.3\jakarta.mail-2.0.3.jar;C:\Users\Hp\.m2\repository\jakarta\activation\jakarta.activation-api\2.1.3\jakarta.activation-api-2.1.3.jar;C:\Users\Hp\.m2\repository\org\eclipse\angus\angus-activation\2.0.2\angus-activation-2.0.2.jar;C:\Users\Hp\.m2\repository\org\springframework\boot\spring-boot-starter-web\3.2.4\spring-boot-starter-web-3.2.4.jar;C:\Users\Hp\.m2\repository\org\springframework\boot\spring-boot-starter-json\3.2.4\spring-boot-starter-json-3.2.4.jar;C:\Users\Hp\.m2\repository\com\fasterxml\jackson\datatype\jackson-datatype-jdk8\2.15.4\jackson-datatype-jdk8-2.15.4.jar;C:\Users\Hp\.m2\repository\com\fasterxml\jackson\datatype\jackson-datatype-jsr310\2.15.4\jackson-datatype-jsr310-2.15.4.jar;C:\Users\Hp\.m2\repository\com\fasterxml\jackson\module\jackson-module-parameter-names\2.15.4\jackson-module-parameter-names-2.15.4.jar;C:\Users\Hp\.m2\repository\org\springframework\boot\spring-boot-starter-tomcat\3.2.4\spring-boot-starter-tomcat-3.2.4.jar;C:\Users\Hp\.m2\repository\org\apache\tomcat\embed\tomcat-embed-core\10.1.19\tomcat-embed-core-10.1.19.jar;C:\Users\Hp\.m2\repository\org\apache\tomcat\embed\tomcat-embed-el\10.1.19\tomcat-embed-el-10.1.19.jar;C:\Users\Hp\.m2\repository\org\apache\tomcat\embed\tomcat-embed-websocket\10.1.19\tomcat-embed-websocket-10.1.19.jar;C:\Users\Hp\.m2\repository\org\springframework\spring-web\6.1.5\spring-web-6.1.5.jar;C:\Users\Hp\.m2\repository\io\micrometer\micrometer-observation\1.12.4\micrometer-observation-1.12.4.jar;C:\Users\Hp\.m2\repository\io\micrometer\micrometer-commons\1.12.4\micrometer-commons-1.12.4.jar;C:\Users\Hp\.m2\repository\org\springframework\spring-webmvc\6.1.5\spring-webmvc-6.1.5.jar;C:\Users\Hp\.m2\repository\org\springframework\spring-expression\6.1.5\spring-expression-6.1.5.jar;C:\Users\Hp\.m2\repository\org\springframework\boot\spring-boot-starter-security\3.2.4\spring-boot-starter-security-3.2.4.jar;C:\Users\Hp\.m2\repository\org\springframework\spring-aop\6.1.5\spring-aop-6.1.5.jar;C:\Users\Hp\.m2\repository\org\springframework\security\spring-security-config\6.2.3\spring-security-config-6.2.3.jar;C:\Users\Hp\.m2\repository\org\springframework\security\spring-security-core\6.2.3\spring-security-core-6.2.3.jar;C:\Users\Hp\.m2\repository\org\springframework\security\spring-security-crypto\6.2.3\spring-security-crypto-6.2.3.jar;C:\Users\Hp\.m2\repository\org\springframework\security\spring-security-web\6.2.3\spring-security-web-6.2.3.jar;C:\Users\Hp\.m2\repository\com\mysql\mysql-connector-j\8.3.0\mysql-connector-j-8.3.0.jar;C:\Users\Hp\.m2\repository\org\projectlombok\lombok\1.18.30\lombok-1.18.30.jar;C:\Users\Hp\.m2\repository\io\jsonwebtoken\jjwt-api\0.11.5\jjwt-api-0.11.5.jar;C:\Users\Hp\.m2\repository\io\jsonwebtoken\jjwt-impl\0.11.5\jjwt-impl-0.11.5.jar;C:\Users\Hp\.m2\repository\io\jsonwebtoken\jjwt-jackson\0.11.5\jjwt-jackson-0.11.5.jar;C:\Users\Hp\.m2\repository\com\fasterxml\jackson\core\jackson-databind\2.15.4\jackson-databind-2.15.4.jar;C:\Users\Hp\.m2\repository\com\fasterxml\jackson\core\jackson-annotations\2.15.4\jackson-annotations-2.15.4.jar;C:\Users\Hp\.m2\repository\com\fasterxml\jackson\core\jackson-core\2.15.4\jackson-core-2.15.4.jar;C:\Users\Hp\.m2\repository\org\apache\poi\poi-ooxml\5.2.5\poi-ooxml-5.2.5.jar;C:\Users\Hp\.m2\repository\org\apache\poi\poi\5.2.5\poi-5.2.5.jar;C:\Users\Hp\.m2\repository\commons-codec\commons-codec\1.16.1\commons-codec-1.16.1.jar;C:\Users\Hp\.m2\repository\org\apache\commons\commons-math3\3.6.1\commons-math3-3.6.1.jar;C:\Users\Hp\.m2\repository\com\zaxxer\SparseBitSet\1.3\SparseBitSet-1.3.jar;C:\Users\Hp\.m2\repository\org\apache\poi\poi-ooxml-lite\5.2.5\poi-ooxml-lite-5.2.5.jar;C:\Users\Hp\.m2\repository\org\apache\xmlbeans\xmlbeans\5.2.0\xmlbeans-5.2.0.jar;C:\Users\Hp\.m2\repository\org\apache\commons\commons-compress\1.25.0\commons-compress-1.25.0.jar;C:\Users\Hp\.m2\repository\commons-io\commons-io\2.15.0\commons-io-2.15.0.jar;C:\Users\Hp\.m2\repository\com\github\virtuald\curvesapi\1.08\curvesapi-1.08.jar;C:\Users\Hp\.m2\repository\org\apache\logging\log4j\log4j-api\2.21.1\log4j-api-2.21.1.jar;C:\Users\Hp\.m2\repository\org\apache\commons\commons-collections4\4.4\commons-collections4-4.4.jar;C:\Users\Hp\.m2\repository\org\postgresql\postgresql\42.6.2\postgresql-42.6.2.jar;C:\Users\Hp\.m2\repository\org\checkerframework\checker-qual\3.31.0\checker-qual-3.31.0.jar
Launcher Type: SUN_STANDARD

[Global flags]
     intx CICompilerCount                          = 4                                         {product} {ergonomic}
     uint ConcGCThreads                            = 2                                         {product} {ergonomic}
     uint G1ConcRefinementThreads                  = 8                                         {product} {ergonomic}
   size_t G1HeapRegionSize                         = 1048576                                   {product} {ergonomic}
    uintx GCDrainStackTargetSize                   = 64                                        {product} {ergonomic}
   size_t InitialHeapSize                          = 130023424                                 {product} {ergonomic}
   size_t MarkStackSize                            = 4194304                                   {product} {ergonomic}
   size_t MaxHeapSize                              = 2055208960                                {product} {ergonomic}
   size_t MaxNewSize                               = 1233125376                                {product} {ergonomic}
   size_t MinHeapDeltaBytes                        = 1048576                                   {product} {ergonomic}
   size_t MinHeapSize                              = 8388608                                   {product} {ergonomic}
    uintx NonNMethodCodeHeapSize                   = 5839372                                {pd product} {ergonomic}
    uintx NonProfiledCodeHeapSize                  = 122909434                              {pd product} {ergonomic}
    uintx ProfiledCodeHeapSize                     = 122909434                              {pd product} {ergonomic}
    uintx ReservedCodeCacheSize                    = 251658240                              {pd product} {ergonomic}
     bool SegmentedCodeCache                       = true                                      {product} {ergonomic}
     bool ShowCodeDetailsInExceptionMessages       = true                                   {manageable} {command line}
   size_t SoftMaxHeapSize                          = 2055208960                             {manageable} {ergonomic}
     bool UseCompressedOops                        = true                           {product lp64_product} {ergonomic}
     bool UseG1GC                                  = true                                      {product} {ergonomic}
     bool UseLargePagesIndividualAllocation        = false                                  {pd product} {ergonomic}

Logging:
Log output configuration:
 #0: stdout all=warning uptime,level,tags foldmultilines=false
 #1: stderr all=off uptime,level,tags foldmultilines=false

Release file:
JAVA_VERSION="21.0.11" 
MODULES="java.base java.compiler java.datatransfer java.xml java.prefs java.desktop java.instrument java.logging java.management java.security.sasl java.naming java.rmi java.management.rmi java.net.http java.scripting java.security.jgss java.transaction.xa java.sql java.sql.rowset java.xml.crypto java.se java.smartcardio jdk.accessibility jdk.internal.jvmstat jdk.attach jdk.charsets jdk.internal.opt jdk.zipfs jdk.compiler jdk.crypto.ec jdk.crypto.cryptoki jdk.crypto.mscapi jdk.dynalink jdk.internal.ed jdk.editpad jdk.hotspot.agent jdk.httpserver jdk.internal.le jdk.internal.vm.ci jdk.internal.vm.compiler jdk.internal.vm.compiler.management jdk.jartool jdk.javadoc jdk.jcmd jdk.management jdk.management.agent jdk.jconsole jdk.jdeps jdk.jdwp.agent jdk.jdi jdk.jfr jdk.jshell jdk.jsobject jdk.jstatd jdk.localedata jdk.management.jfr jdk.naming.dns jdk.naming.rmi jdk.net jdk.nio.mapmode jdk.random jdk.sctp jdk.security.auth jdk.security.jgss jdk.unsupported jdk.unsupported.desktop jdk.xml.dom" 

Environment Variables:
PATH=C:\Python313\Scripts\;C:\Python313\;C:\Program Files\Python312\Scripts\;C:\Program Files\Python312\;C:\Program Files\Common Files\Oracle\Java\javapath;C:\WINDOWS\system32;C:\WINDOWS;C:\WINDOWS\System32\Wbem;C:\WINDOWS\System32\WindowsPowerShell\v1.0\;C:\WINDOWS\System32\OpenSSH\;C:\Program Files\Java\jdk-21\bin;D:\Git\cmd;C:\Program Files\MySQL\MySQL Server 8.0\bin;C:\Program Files\MongoDB\Server\8.0\bin;C:\ProgramData\chocolatey\bin;C:\Program Files\nodejs\;E:\cursor\resources\app\bin;C:\Program Files\Docker\Docker\resources\bin;E:\bin\;E:\tools\;C:\SUMO\bin;E:\bin;C:\ffmpeg\bin;E:\Anaconda;E:\Anaconda\Library\mingw-w64\bin;E:\Anaconda\Library\usr\bin;E:\Anaconda\Library\bin;E:\Anaconda\Scripts;C:\Program Files\MySQL\MySQL Shell 8.0\bin\;C:\Users\Hp\AppData\Local\Microsoft\WindowsApps;C:\MinGW\bin;C:\Users\Hp\AppData\Local\Programs\Microsoft VS Code\bin;C:\Program Files\JetBrains\IntelliJ IDEA 2024.3.2\bin;;C:\Program Files\JetBrains\IntelliJ IDEA Community Edition 2024.3.2\bin;;D:\MONGOsh\;C:\Users\Hp\AppData\Roaming\npm;E:\Antigravity\bin;C:\Users\Hp\AppData\Local\Microsoft\WinGet\Packages\Gyan.FFmpeg_Microsoft.Winget.Source_8wekyb3d8bbwe\ffmpeg-8.1-full_build\bin;C:\Users\Hp\AppData\Local\Programs\Antigravity IDE\bin;c:\Users\Hp\.antigravity\extensions\vscjava.vscode-java-debug-0.59.0-universal\bundled\scripts\noConfigScripts
USERNAME=Hp
LANG=en_US.UTF-8
OS=Windows_NT
PROCESSOR_IDENTIFIER=Intel64 Family 6 Model 140 Stepping 2, GenuineIntel
TMP=C:\Users\Hp\AppData\Local\Temp
TEMP=C:\Users\Hp\AppData\Local\Temp




Periodic native trim disabled

---------------  S Y S T E M  ---------------

OS:
 Windows 11 , 64 bit Build 26100 (10.0.26100.8521)
OS uptime: 2 days 6:26 hours
Hyper-V role detected

CPU: total 8 (initial active 8) (4 cores per cpu, 2 threads per core) family 6 model 140 stepping 2 microcode 0x34, cx8, cmov, fxsr, ht, mmx, 3dnowpref, sse, sse2, sse3, ssse3, sse4.1, sse4.2, popcnt, lzcnt, tsc, tscinvbit, avx, avx2, aes, erms, clmul, bmi1, bmi2, adx, avx512f, avx512dq, avx512cd, avx512bw, avx512vl, sha, fma, vzeroupper, avx512_vpopcntdq, avx512_vpclmulqdq, avx512_vaes, avx512_vnni, clflush, clflushopt, clwb, avx512_vbmi2, avx512_vbmi, hv, rdtscp, rdpid, fsrm, gfni, avx512_bitalg, f16c, cet_ibt, cet_ss, avx512_ifma
Processor Information for the first 8 processors :
  Max Mhz: 2496, Current Mhz: 2496, Mhz Limit: 2496

Memory: 4k page, system-wide physical 7834M (591M free)
TotalPageFile size 19371M (AvailPageFile size 4M)
current process WorkingSet (physical memory assigned to process): 173M, peak: 178M
current process commit charge ("private bytes"): 275M, peak: 281M

vm_info: OpenJDK 64-Bit Server VM (21.0.11+10-LTS) for windows-amd64 JRE (21.0.11+10-LTS), built on 2026-04-21T00:00:00Z by "admin" with MS VC++ 17.12 (VS2022)

END.
